MPLINK 4.40, Linker
Linker Map File - Created Sat May 11 11:53:39 2013

                                 Section Info
                  Section       Type    Address   Location Size(Bytes)
                ---------  ---------  ---------  ---------  ---------
               _entry_scn       code   0x000000    program   0x000006
                   .cinit    romdata   0x000006    program   0x000002
                  isrcode       code   0x000008    program   0x000006
          .code_Console.o       code   0x00000e    program   0x000364
        .code_TimeDelay.o       code   0x000372    program   0x000222
          .code_control.o       code   0x000594    program   0x000126
               _cinit_scn       code   0x0006ba    program   0x00009e
          .code_fxm3232.o       code   0x000758    program   0x000070
       .romdata_control.o    romdata   0x0007c8    program   0x000026
                    .code       code   0x0007ee    program   0x000020
             _startup_scn       code   0x00080e    program   0x00001c
         .code_fxd0808u.o       code   0x00082a    program   0x00001c
       .romdata_Console.o    romdata   0x000846    program   0x000010
             .stringtable    romdata   0x000856    program   0x000003
         .idata_c018i.o_i    romdata   0x000859    program   0x000000
        .romdata___init.o    romdata   0x000859    program   0x000000
        .idata___init.o_i    romdata   0x000859    program   0x000000
       .romdata_fxm3232.o    romdata   0x000859    program   0x000000
       .idata_fxm3232.o_i    romdata   0x000859    program   0x000000
      .romdata_fxd0808u.o    romdata   0x000859    program   0x000000
      .idata_fxd0808u.o_i    romdata   0x000859    program   0x000000
         .romdata_c018i.o    romdata   0x000859    program   0x000000
       .idata_control.o_i    romdata   0x000859    program   0x000000
     .romdata_TimeDelay.o    romdata   0x000859    program   0x000000
     .idata_TimeDelay.o_i    romdata   0x000859    program   0x000000
       .idata_Console.o_i    romdata   0x000859    program   0x000000
            .code_c018i.o       code   0x00085a    program   0x000000
           .code___init.o       code   0x00085a    program   0x000002
                MATH_DATA      udata   0x000000       data   0x000010
                 .tmpdata      udata   0x000010       data   0x000004
           .udata_c018i.o      udata   0x000060       data   0x00000a
         .udata_control.o      udata   0x00006a       data   0x000004
          .idata___init.o      idata   0x00006e       data   0x000000
          .udata___init.o      udata   0x00006e       data   0x000000
         .idata_fxm3232.o      idata   0x00006e       data   0x000000
         .udata_fxm3232.o      udata   0x00006e       data   0x000000
        .idata_fxd0808u.o      idata   0x00006e       data   0x000000
        .udata_fxd0808u.o      udata   0x00006e       data   0x000000
         .idata_control.o      idata   0x00006e       data   0x000000
       .idata_TimeDelay.o      idata   0x00006e       data   0x000000
       .udata_TimeDelay.o      udata   0x00006e       data   0x000000
         .idata_Console.o      idata   0x00006e       data   0x000000
         .udata_Console.o      udata   0x00006e       data   0x000000
           .idata_c018i.o      idata   0x00006e       data   0x000000
                   .stack      udata   0x000500       data   0x000100
              SFR_BANKED0      udata   0x000f38       data   0x000028
            SFR_UNBANKED0      udata   0x000f60       data   0x0000a0



                              Program Memory Usage 
                               Start         End      
                           ---------   ---------      
                            0x000000    0x000858      
                            0x00085a    0x00085b      
            2139 out of 33048 program addresses used, program memory utilization is 6%



                              Symbols - Sorted by Name
                     Name    Address   Location    Storage File                     
                ---------  ---------  ---------  --------- ---------                
           CharacterArray   0x000846    program     extern C:\Edocs\uC\projects\digitimer\operator room\Console.c
                Delay10us   0x000372    program     extern C:\Edocs\uC\projects\digitimer\operator room\TimeDelay.c
                  DelayMs   0x000486    program     extern C:\Edocs\uC\projects\digitimer\operator room\TimeDelay.c
                 FXD0808U   0x00082a    program     extern C:\MCC18\v3_39\src\traditional\math\fxd0808u.c
                  FXM3232   0x000758    program     extern C:\MCC18\v3_39\src\traditional\math\fxm3232.c
                  OptoGet   0x000078    program     extern C:\Edocs\uC\projects\digitimer\operator room\Console.c
                 OptoInit   0x00000e    program     extern C:\Edocs\uC\projects\digitimer\operator room\Console.c
            OptoPrintChar   0x000086    program     extern C:\Edocs\uC\projects\digitimer\operator room\Console.c
             OptoPrintDec   0x0000ea    program     extern C:\Edocs\uC\projects\digitimer\operator room\Console.c
                  OptoPut   0x00005e    program     extern C:\Edocs\uC\projects\digitimer\operator room\Console.c
         OptoPutROMString   0x000024    program     extern C:\Edocs\uC\projects\digitimer\operator room\Console.c
                    Setup   0x0005b6    program     extern C:\Edocs\uC\projects\digitimer\operator room\control.c
                   USBGet   0x000244    program     extern C:\Edocs\uC\projects\digitimer\operator room\Console.c
                  USBInit   0x0001a6    program     extern C:\Edocs\uC\projects\digitimer\operator room\Console.c
             USBPrintChar   0x000252    program     extern C:\Edocs\uC\projects\digitimer\operator room\Console.c
              USBPrintDec   0x0002b6    program     extern C:\Edocs\uC\projects\digitimer\operator room\Console.c
                   USBPut   0x00022a    program     extern C:\Edocs\uC\projects\digitimer\operator room\Console.c
          USBPutROMString   0x0001b8    program     extern C:\Edocs\uC\projects\digitimer\operator room\Console.c
             USBPutString   0x0001f2    program     extern C:\Edocs\uC\projects\digitimer\operator room\Console.c
         ___else_lbl00004   0x000426    program     static                          
         ___else_lbl00011   0x000534    program     static                          
           ___if_lbl00003   0x000472    program     static                          
           ___if_lbl00005   0x000472    program     static                          
           ___if_lbl00010   0x000580    program     static                          
       ___return_lbl00000   0x00000c    program     static                          
       ___return_lbl00000   0x000844    program     static                          
       ___return_lbl00000   0x000472    program     static                          
       ___return_lbl00000   0x000004    program     static                          
       ___return_lbl00000   0x0007c6    program     static                          
       ___return_lbl00001   0x000828    program     static                          
       ___return_lbl00002   0x000756    program     static                          
       ___return_lbl00007   0x000580    program     static                          
        ___while_lbl00001   0x000426    program     static                          
        ___while_lbl00002   0x000472    program     static                          
        ___while_lbl00008   0x000534    program     static                          
        ___while_lbl00009   0x000580    program     static                          
                   __init   0x00085a    program     extern C:\MCC18\v3_39\src\traditional\stdclib\__init.c
               __string_1   0x000856    program     static C:\Edocs\uC\projects\digitimer\operator room\control.c
               __tmplbl_0   0x000422    program     static                          
               __tmplbl_1   0x000454    program     static                          
               __tmplbl_2   0x00052e    program     static                          
               __tmplbl_3   0x000562    program     static                          
            __zero_memory   0x0007ee    program     extern C:\MCC18\v3_39\src\traditional\proc\p18F45K22.asm
                _do_cinit   0x0006ba    program     extern C:\MCC18\v3_39\src\traditional\startup\c018i.c
                   _entry   0x000000    program     extern C:\MCC18\v3_39\src\traditional\startup\c018i.c
                 _startup   0x00080e    program     extern C:\MCC18\v3_39\src\traditional\startup\c018i.c
                compare_l   0x000804    program     static C:\MCC18\v3_39\src\traditional\proc\p18F45K22.asm
                copy_loop   0x00072c    program     static                          
            copy_one_byte   0x000732    program     static                          
                     done   0x000756    program     static                          
             done_copying   0x000740    program     static                          
                  endloop   0x000840    program     static                          
                      isr   0x000594    program     extern C:\Edocs\uC\projects\digitimer\operator room\control.c
               isrhandler   0x000008    program     extern C:\Edocs\uC\projects\digitimer\operator room\control.c
                     loop   0x00081e    program     static                          
                     loop   0x000832    program     static                          
                   loop_h   0x0007fc    program     static C:\MCC18\v3_39\src\traditional\proc\p18F45K22.asm
                   loop_l   0x000806    program     static C:\MCC18\v3_39\src\traditional\proc\p18F45K22.asm
                     main   0x0005f2    program     extern C:\Edocs\uC\projects\digitimer\operator room\control.c
                     test   0x0006d4    program     static                          
                  welcome   0x0007c8    program     extern C:\Edocs\uC\projects\digitimer\operator room\control.c
               zero_block   0x0007fc    program     static C:\MCC18\v3_39\src\traditional\proc\p18F45K22.asm
                   ADCON0   0x000fc2       data     extern C:\MCC18\v3_39\src\traditional\proc\p18F45K22.asm
               ADCON0bits   0x000fc2       data     extern C:\MCC18\v3_39\src\traditional\proc\p18F45K22.asm
                   ADCON1   0x000fc1       data     extern C:\MCC18\v3_39\src\traditional\proc\p18F45K22.asm
               ADCON1bits   0x000fc1       data     extern C:\MCC18\v3_39\src\traditional\proc\p18F45K22.asm
                   ADCON2   0x000fc0       data     extern C:\MCC18\v3_39\src\traditional\proc\p18F45K22.asm
               ADCON2bits   0x000fc0       data     extern C:\MCC18\v3_39\src\traditional\proc\p18F45K22.asm
                    ADRES   0x000fc3       data     extern C:\MCC18\v3_39\src\traditional\proc\p18F45K22.asm
                   ADRESH   0x000fc4       data     extern C:\MCC18\v3_39\src\traditional\proc\p18F45K22.asm
                   ADRESL   0x000fc3       data     extern C:\MCC18\v3_39\src\traditional\proc\p18F45K22.asm
                   ANSELA   0x000f38       data     extern C:\MCC18\v3_39\src\traditional\proc\p18F45K22.asm
               ANSELAbits   0x000f38       data     extern C:\MCC18\v3_39\src\traditional\proc\p18F45K22.asm
                   ANSELB   0x000f39       data     extern C:\MCC18\v3_39\src\traditional\proc\p18F45K22.asm
               ANSELBbits   0x000f39       data     extern C:\MCC18\v3_39\src\traditional\proc\p18F45K22.asm
                   ANSELC   0x000f3a       data     extern C:\MCC18\v3_39\src\traditional\proc\p18F45K22.asm
               ANSELCbits   0x000f3a       data     extern C:\MCC18\v3_39\src\traditional\proc\p18F45K22.asm
                   ANSELD   0x000f3b       data     extern C:\MCC18\v3_39\src\traditional\proc\p18F45K22.asm
               ANSELDbits   0x000f3b       data     extern C:\MCC18\v3_39\src\traditional\proc\p18F45K22.asm
                   ANSELE   0x000f3c       data     extern C:\MCC18\v3_39\src\traditional\proc\p18F45K22.asm
               ANSELEbits   0x000f3c       data     extern C:\MCC18\v3_39\src\traditional\proc\p18F45K22.asm
                 BAUD1CON   0x000fb8       data     extern C:\MCC18\v3_39\src\traditional\proc\p18F45K22.asm
             BAUD1CONbits   0x000fb8       data     extern C:\MCC18\v3_39\src\traditional\proc\p18F45K22.asm
                 BAUD2CON   0x000f70       data     extern C:\MCC18\v3_39\src\traditional\proc\p18F45K22.asm
             BAUD2CONbits   0x000f70       data     extern C:\MCC18\v3_39\src\traditional\proc\p18F45K22.asm
                  BAUDCON   0x000fb8       data     extern C:\MCC18\v3_39\src\traditional\proc\p18F45K22.asm
                 BAUDCON1   0x000fb8       data     extern C:\MCC18\v3_39\src\traditional\proc\p18F45K22.asm
             BAUDCON1bits   0x000fb8       data     extern C:\MCC18\v3_39\src\traditional\proc\p18F45K22.asm
                 BAUDCON2   0x000f70       data     extern C:\MCC18\v3_39\src\traditional\proc\p18F45K22.asm
             BAUDCON2bits   0x000f70       data     extern C:\MCC18\v3_39\src\traditional\proc\p18F45K22.asm
              BAUDCONbits   0x000fb8       data     extern C:\MCC18\v3_39\src\traditional\proc\p18F45K22.asm
                  BAUDCTL   0x000fb8       data     extern C:\MCC18\v3_39\src\traditional\proc\p18F45K22.asm
              BAUDCTLbits   0x000fb8       data     extern C:\MCC18\v3_39\src\traditional\proc\p18F45K22.asm
                      BSR   0x000fe0       data     extern C:\MCC18\v3_39\src\traditional\proc\p18F45K22.asm
                  CCP1CON   0x000fbd       data     extern C:\MCC18\v3_39\src\traditional\proc\p18F45K22.asm
              CCP1CONbits   0x000fbd       data     extern C:\MCC18\v3_39\src\traditional\proc\p18F45K22.asm
                   CCP2AS   0x000f64       data     extern C:\MCC18\v3_39\src\traditional\proc\p18F45K22.asm
               CCP2ASbits   0x000f64       data     extern C:\MCC18\v3_39\src\traditional\proc\p18F45K22.asm
                  CCP2CON   0x000f66       data     extern C:\MCC18\v3_39\src\traditional\proc\p18F45K22.asm
              CCP2CONbits   0x000f66       data     extern C:\MCC18\v3_39\src\traditional\proc\p18F45K22.asm
                   CCP3AS   0x000f5b       data     extern C:\MCC18\v3_39\src\traditional\proc\p18F45K22.asm
               CCP3ASbits   0x000f5b       data     extern C:\MCC18\v3_39\src\traditional\proc\p18F45K22.asm
                  CCP3CON   0x000f5d       data     extern C:\MCC18\v3_39\src\traditional\proc\p18F45K22.asm
              CCP3CONbits   0x000f5d       data     extern C:\MCC18\v3_39\src\traditional\proc\p18F45K22.asm
                  CCP4CON   0x000f57       data     extern C:\MCC18\v3_39\src\traditional\proc\p18F45K22.asm
              CCP4CONbits   0x000f57       data     extern C:\MCC18\v3_39\src\traditional\proc\p18F45K22.asm
                  CCP5CON   0x000f54       data     extern C:\MCC18\v3_39\src\traditional\proc\p18F45K22.asm
              CCP5CONbits   0x000f54       data     extern C:\MCC18\v3_39\src\traditional\proc\p18F45K22.asm
                    CCPR1   0x000fbe       data     extern C:\MCC18\v3_39\src\traditional\proc\p18F45K22.asm
                   CCPR1H   0x000fbf       data     extern C:\MCC18\v3_39\src\traditional\proc\p18F45K22.asm
                   CCPR1L   0x000fbe       data     extern C:\MCC18\v3_39\src\traditional\proc\p18F45K22.asm
                    CCPR2   0x000f67       data     extern C:\MCC18\v3_39\src\traditional\proc\p18F45K22.asm
                   CCPR2H   0x000f68       data     extern C:\MCC18\v3_39\src\traditional\proc\p18F45K22.asm
                   CCPR2L   0x000f67       data     extern C:\MCC18\v3_39\src\traditional\proc\p18F45K22.asm
                    CCPR3   0x000f5e       data     extern C:\MCC18\v3_39\src\traditional\proc\p18F45K22.asm
                   CCPR3H   0x000f5f       data     extern C:\MCC18\v3_39\src\traditional\proc\p18F45K22.asm
                   CCPR3L   0x000f5e       data     extern C:\MCC18\v3_39\src\traditional\proc\p18F45K22.asm
                    CCPR4   0x000f58       data     extern C:\MCC18\v3_39\src\traditional\proc\p18F45K22.asm
                   CCPR4H   0x000f59       data     extern C:\MCC18\v3_39\src\traditional\proc\p18F45K22.asm
                   CCPR4L   0x000f58       data     extern C:\MCC18\v3_39\src\traditional\proc\p18F45K22.asm
                    CCPR5   0x000f55       data     extern C:\MCC18\v3_39\src\traditional\proc\p18F45K22.asm
                   CCPR5H   0x000f56       data     extern C:\MCC18\v3_39\src\traditional\proc\p18F45K22.asm
                   CCPR5L   0x000f55       data     extern C:\MCC18\v3_39\src\traditional\proc\p18F45K22.asm
                 CCPTMRS0   0x000f49       data     extern C:\MCC18\v3_39\src\traditional\proc\p18F45K22.asm
             CCPTMRS0bits   0x000f49       data     extern C:\MCC18\v3_39\src\traditional\proc\p18F45K22.asm
                 CCPTMRS1   0x000f48       data     extern C:\MCC18\v3_39\src\traditional\proc\p18F45K22.asm
             CCPTMRS1bits   0x000f48       data     extern C:\MCC18\v3_39\src\traditional\proc\p18F45K22.asm
                  CM12CON   0x000f77       data     extern C:\MCC18\v3_39\src\traditional\proc\p18F45K22.asm
              CM12CONbits   0x000f77       data     extern C:\MCC18\v3_39\src\traditional\proc\p18F45K22.asm
                   CM1CON   0x000f79       data     extern C:\MCC18\v3_39\src\traditional\proc\p18F45K22.asm
                  CM1CON0   0x000f79       data     extern C:\MCC18\v3_39\src\traditional\proc\p18F45K22.asm
              CM1CON0bits   0x000f79       data     extern C:\MCC18\v3_39\src\traditional\proc\p18F45K22.asm
               CM1CONbits   0x000f79       data     extern C:\MCC18\v3_39\src\traditional\proc\p18F45K22.asm
                   CM2CON   0x000f78       data     extern C:\MCC18\v3_39\src\traditional\proc\p18F45K22.asm
                  CM2CON0   0x000f78       data     extern C:\MCC18\v3_39\src\traditional\proc\p18F45K22.asm
              CM2CON0bits   0x000f78       data     extern C:\MCC18\v3_39\src\traditional\proc\p18F45K22.asm
                  CM2CON1   0x000f77       data     extern C:\MCC18\v3_39\src\traditional\proc\p18F45K22.asm
              CM2CON1bits   0x000f77       data     extern C:\MCC18\v3_39\src\traditional\proc\p18F45K22.asm
               CM2CONbits   0x000f78       data     extern C:\MCC18\v3_39\src\traditional\proc\p18F45K22.asm
                 CTMUCON0   0x000f45       data     extern C:\MCC18\v3_39\src\traditional\proc\p18F45K22.asm
             CTMUCON0bits   0x000f45       data     extern C:\MCC18\v3_39\src\traditional\proc\p18F45K22.asm
                 CTMUCON1   0x000f44       data     extern C:\MCC18\v3_39\src\traditional\proc\p18F45K22.asm
             CTMUCON1bits   0x000f44       data     extern C:\MCC18\v3_39\src\traditional\proc\p18F45K22.asm
                 CTMUCONH   0x000f45       data     extern C:\MCC18\v3_39\src\traditional\proc\p18F45K22.asm
             CTMUCONHbits   0x000f45       data     extern C:\MCC18\v3_39\src\traditional\proc\p18F45K22.asm
                 CTMUCONL   0x000f44       data     extern C:\MCC18\v3_39\src\traditional\proc\p18F45K22.asm
             CTMUCONLbits   0x000f44       data     extern C:\MCC18\v3_39\src\traditional\proc\p18F45K22.asm
                 CTMUICON   0x000f43       data     extern C:\MCC18\v3_39\src\traditional\proc\p18F45K22.asm
                CTMUICONH   0x000f43       data     extern C:\MCC18\v3_39\src\traditional\proc\p18F45K22.asm
            CTMUICONHbits   0x000f43       data     extern C:\MCC18\v3_39\src\traditional\proc\p18F45K22.asm
             CTMUICONbits   0x000f43       data     extern C:\MCC18\v3_39\src\traditional\proc\p18F45K22.asm
                  DACCON0   0x000f41       data     extern C:\MCC18\v3_39\src\traditional\proc\p18F45K22.asm
              DACCON0bits   0x000f41       data     extern C:\MCC18\v3_39\src\traditional\proc\p18F45K22.asm
                  DACCON1   0x000f40       data     extern C:\MCC18\v3_39\src\traditional\proc\p18F45K22.asm
              DACCON1bits   0x000f40       data     extern C:\MCC18\v3_39\src\traditional\proc\p18F45K22.asm
                     DDRA   0x000f92       data     extern C:\MCC18\v3_39\src\traditional\proc\p18F45K22.asm
                 DDRAbits   0x000f92       data     extern C:\MCC18\v3_39\src\traditional\proc\p18F45K22.asm
                     DDRB   0x000f93       data     extern C:\MCC18\v3_39\src\traditional\proc\p18F45K22.asm
                 DDRBbits   0x000f93       data     extern C:\MCC18\v3_39\src\traditional\proc\p18F45K22.asm
                     DDRC   0x000f94       data     extern C:\MCC18\v3_39\src\traditional\proc\p18F45K22.asm
                 DDRCbits   0x000f94       data     extern C:\MCC18\v3_39\src\traditional\proc\p18F45K22.asm
                     DDRD   0x000f95       data     extern C:\MCC18\v3_39\src\traditional\proc\p18F45K22.asm
                 DDRDbits   0x000f95       data     extern C:\MCC18\v3_39\src\traditional\proc\p18F45K22.asm
                     DDRE   0x000f96       data     extern C:\MCC18\v3_39\src\traditional\proc\p18F45K22.asm
                 DDREbits   0x000f96       data     extern C:\MCC18\v3_39\src\traditional\proc\p18F45K22.asm
                  ECCP1AS   0x000fb6       data     extern C:\MCC18\v3_39\src\traditional\proc\p18F45K22.asm
              ECCP1ASbits   0x000fb6       data     extern C:\MCC18\v3_39\src\traditional\proc\p18F45K22.asm
                  ECCP2AS   0x000f64       data     extern C:\MCC18\v3_39\src\traditional\proc\p18F45K22.asm
              ECCP2ASbits   0x000f64       data     extern C:\MCC18\v3_39\src\traditional\proc\p18F45K22.asm
                  ECCP3AS   0x000f5b       data     extern C:\MCC18\v3_39\src\traditional\proc\p18F45K22.asm
              ECCP3ASbits   0x000f5b       data     extern C:\MCC18\v3_39\src\traditional\proc\p18F45K22.asm
                   ECCPAS   0x000fb6       data     extern C:\MCC18\v3_39\src\traditional\proc\p18F45K22.asm
               ECCPASbits   0x000fb6       data     extern C:\MCC18\v3_39\src\traditional\proc\p18F45K22.asm
                    EEADR   0x000fa9       data     extern C:\MCC18\v3_39\src\traditional\proc\p18F45K22.asm
                EEADRbits   0x000fa9       data     extern C:\MCC18\v3_39\src\traditional\proc\p18F45K22.asm
                   EECON1   0x000fa6       data     extern C:\MCC18\v3_39\src\traditional\proc\p18F45K22.asm
               EECON1bits   0x000fa6       data     extern C:\MCC18\v3_39\src\traditional\proc\p18F45K22.asm
                   EECON2   0x000fa7       data     extern C:\MCC18\v3_39\src\traditional\proc\p18F45K22.asm
                   EEDATA   0x000fa8       data     extern C:\MCC18\v3_39\src\traditional\proc\p18F45K22.asm
                     FSR0   0x000fe9       data     extern C:\MCC18\v3_39\src\traditional\proc\p18F45K22.asm
                    FSR0H   0x000fea       data     extern C:\MCC18\v3_39\src\traditional\proc\p18F45K22.asm
                    FSR0L   0x000fe9       data     extern C:\MCC18\v3_39\src\traditional\proc\p18F45K22.asm
                     FSR1   0x000fe1       data     extern C:\MCC18\v3_39\src\traditional\proc\p18F45K22.asm
                    FSR1H   0x000fe2       data     extern C:\MCC18\v3_39\src\traditional\proc\p18F45K22.asm
                    FSR1L   0x000fe1       data     extern C:\MCC18\v3_39\src\traditional\proc\p18F45K22.asm
                     FSR2   0x000fd9       data     extern C:\MCC18\v3_39\src\traditional\proc\p18F45K22.asm
                    FSR2H   0x000fda       data     extern C:\MCC18\v3_39\src\traditional\proc\p18F45K22.asm
                    FSR2L   0x000fd9       data     extern C:\MCC18\v3_39\src\traditional\proc\p18F45K22.asm
                   FVRCON   0x000f42       data     extern C:\MCC18\v3_39\src\traditional\proc\p18F45K22.asm
               FVRCONbits   0x000f42       data     extern C:\MCC18\v3_39\src\traditional\proc\p18F45K22.asm
                  HLVDCON   0x000f9c       data     extern C:\MCC18\v3_39\src\traditional\proc\p18F45K22.asm
              HLVDCONbits   0x000f9c       data     extern C:\MCC18\v3_39\src\traditional\proc\p18F45K22.asm
                    INDF0   0x000fef       data     extern C:\MCC18\v3_39\src\traditional\proc\p18F45K22.asm
                    INDF1   0x000fe7       data     extern C:\MCC18\v3_39\src\traditional\proc\p18F45K22.asm
                    INDF2   0x000fdf       data     extern C:\MCC18\v3_39\src\traditional\proc\p18F45K22.asm
                   INTCON   0x000ff2       data     extern C:\MCC18\v3_39\src\traditional\proc\p18F45K22.asm
                  INTCON2   0x000ff1       data     extern C:\MCC18\v3_39\src\traditional\proc\p18F45K22.asm
              INTCON2bits   0x000ff1       data     extern C:\MCC18\v3_39\src\traditional\proc\p18F45K22.asm
                  INTCON3   0x000ff0       data     extern C:\MCC18\v3_39\src\traditional\proc\p18F45K22.asm
              INTCON3bits   0x000ff0       data     extern C:\MCC18\v3_39\src\traditional\proc\p18F45K22.asm
               INTCONbits   0x000ff2       data     extern C:\MCC18\v3_39\src\traditional\proc\p18F45K22.asm
                     IOCB   0x000f62       data     extern C:\MCC18\v3_39\src\traditional\proc\p18F45K22.asm
                 IOCBbits   0x000f62       data     extern C:\MCC18\v3_39\src\traditional\proc\p18F45K22.asm
                     IPR1   0x000f9f       data     extern C:\MCC18\v3_39\src\traditional\proc\p18F45K22.asm
                 IPR1bits   0x000f9f       data     extern C:\MCC18\v3_39\src\traditional\proc\p18F45K22.asm
                     IPR2   0x000fa2       data     extern C:\MCC18\v3_39\src\traditional\proc\p18F45K22.asm
                 IPR2bits   0x000fa2       data     extern C:\MCC18\v3_39\src\traditional\proc\p18F45K22.asm
                     IPR3   0x000fa5       data     extern C:\MCC18\v3_39\src\traditional\proc\p18F45K22.asm
                 IPR3bits   0x000fa5       data     extern C:\MCC18\v3_39\src\traditional\proc\p18F45K22.asm
                     IPR4   0x000f7c       data     extern C:\MCC18\v3_39\src\traditional\proc\p18F45K22.asm
                 IPR4bits   0x000f7c       data     extern C:\MCC18\v3_39\src\traditional\proc\p18F45K22.asm
                     IPR5   0x000f7f       data     extern C:\MCC18\v3_39\src\traditional\proc\p18F45K22.asm
                 IPR5bits   0x000f7f       data     extern C:\MCC18\v3_39\src\traditional\proc\p18F45K22.asm
                     LATA   0x000f89       data     extern C:\MCC18\v3_39\src\traditional\proc\p18F45K22.asm
                 LATAbits   0x000f89       data     extern C:\MCC18\v3_39\src\traditional\proc\p18F45K22.asm
                     LATB   0x000f8a       data     extern C:\MCC18\v3_39\src\traditional\proc\p18F45K22.asm
                 LATBbits   0x000f8a       data     extern C:\MCC18\v3_39\src\traditional\proc\p18F45K22.asm
                     LATC   0x000f8b       data     extern C:\MCC18\v3_39\src\traditional\proc\p18F45K22.asm
                 LATCbits   0x000f8b       data     extern C:\MCC18\v3_39\src\traditional\proc\p18F45K22.asm
                     LATD   0x000f8c       data     extern C:\MCC18\v3_39\src\traditional\proc\p18F45K22.asm
                 LATDbits   0x000f8c       data     extern C:\MCC18\v3_39\src\traditional\proc\p18F45K22.asm
                     LATE   0x000f8d       data     extern C:\MCC18\v3_39\src\traditional\proc\p18F45K22.asm
                 LATEbits   0x000f8d       data     extern C:\MCC18\v3_39\src\traditional\proc\p18F45K22.asm
                   LVDCON   0x000f9c       data     extern C:\MCC18\v3_39\src\traditional\proc\p18F45K22.asm
               LVDCONbits   0x000f9c       data     extern C:\MCC18\v3_39\src\traditional\proc\p18F45K22.asm
                   OSCCON   0x000fd3       data     extern C:\MCC18\v3_39\src\traditional\proc\p18F45K22.asm
                  OSCCON2   0x000fd2       data     extern C:\MCC18\v3_39\src\traditional\proc\p18F45K22.asm
              OSCCON2bits   0x000fd2       data     extern C:\MCC18\v3_39\src\traditional\proc\p18F45K22.asm
               OSCCONbits   0x000fd3       data     extern C:\MCC18\v3_39\src\traditional\proc\p18F45K22.asm
                  OSCTUNE   0x000f9b       data     extern C:\MCC18\v3_39\src\traditional\proc\p18F45K22.asm
              OSCTUNEbits   0x000f9b       data     extern C:\MCC18\v3_39\src\traditional\proc\p18F45K22.asm
                       PC   0x000ff9       data     extern C:\MCC18\v3_39\src\traditional\proc\p18F45K22.asm
                      PCL   0x000ff9       data     extern C:\MCC18\v3_39\src\traditional\proc\p18F45K22.asm
                   PCLATH   0x000ffa       data     extern C:\MCC18\v3_39\src\traditional\proc\p18F45K22.asm
                   PCLATU   0x000ffb       data     extern C:\MCC18\v3_39\src\traditional\proc\p18F45K22.asm
                     PIE1   0x000f9d       data     extern C:\MCC18\v3_39\src\traditional\proc\p18F45K22.asm
                 PIE1bits   0x000f9d       data     extern C:\MCC18\v3_39\src\traditional\proc\p18F45K22.asm
                     PIE2   0x000fa0       data     extern C:\MCC18\v3_39\src\traditional\proc\p18F45K22.asm
                 PIE2bits   0x000fa0       data     extern C:\MCC18\v3_39\src\traditional\proc\p18F45K22.asm
                     PIE3   0x000fa3       data     extern C:\MCC18\v3_39\src\traditional\proc\p18F45K22.asm
                 PIE3bits   0x000fa3       data     extern C:\MCC18\v3_39\src\traditional\proc\p18F45K22.asm
                     PIE4   0x000f7a       data     extern C:\MCC18\v3_39\src\traditional\proc\p18F45K22.asm
                 PIE4bits   0x000f7a       data     extern C:\MCC18\v3_39\src\traditional\proc\p18F45K22.asm
                     PIE5   0x000f7d       data     extern C:\MCC18\v3_39\src\traditional\proc\p18F45K22.asm
                 PIE5bits   0x000f7d       data     extern C:\MCC18\v3_39\src\traditional\proc\p18F45K22.asm
                     PIR1   0x000f9e       data     extern C:\MCC18\v3_39\src\traditional\proc\p18F45K22.asm
                 PIR1bits   0x000f9e       data     extern C:\MCC18\v3_39\src\traditional\proc\p18F45K22.asm
                     PIR2   0x000fa1       data     extern C:\MCC18\v3_39\src\traditional\proc\p18F45K22.asm
                 PIR2bits   0x000fa1       data     extern C:\MCC18\v3_39\src\traditional\proc\p18F45K22.asm
                     PIR3   0x000fa4       data     extern C:\MCC18\v3_39\src\traditional\proc\p18F45K22.asm
                 PIR3bits   0x000fa4       data     extern C:\MCC18\v3_39\src\traditional\proc\p18F45K22.asm
                     PIR4   0x000f7b       data     extern C:\MCC18\v3_39\src\traditional\proc\p18F45K22.asm
                 PIR4bits   0x000f7b       data     extern C:\MCC18\v3_39\src\traditional\proc\p18F45K22.asm
                     PIR5   0x000f7e       data     extern C:\MCC18\v3_39\src\traditional\proc\p18F45K22.asm
                 PIR5bits   0x000f7e       data     extern C:\MCC18\v3_39\src\traditional\proc\p18F45K22.asm
                   PLUSW0   0x000feb       data     extern C:\MCC18\v3_39\src\traditional\proc\p18F45K22.asm
                   PLUSW1   0x000fe3       data     extern C:\MCC18\v3_39\src\traditional\proc\p18F45K22.asm
                   PLUSW2   0x000fdb       data     extern C:\MCC18\v3_39\src\traditional\proc\p18F45K22.asm
                     PMD0   0x000f3f       data     extern C:\MCC18\v3_39\src\traditional\proc\p18F45K22.asm
                 PMD0bits   0x000f3f       data     extern C:\MCC18\v3_39\src\traditional\proc\p18F45K22.asm
                     PMD1   0x000f3e       data     extern C:\MCC18\v3_39\src\traditional\proc\p18F45K22.asm
                 PMD1bits   0x000f3e       data     extern C:\MCC18\v3_39\src\traditional\proc\p18F45K22.asm
                     PMD2   0x000f3d       data     extern C:\MCC18\v3_39\src\traditional\proc\p18F45K22.asm
                 PMD2bits   0x000f3d       data     extern C:\MCC18\v3_39\src\traditional\proc\p18F45K22.asm
                    PORTA   0x000f80       data     extern C:\MCC18\v3_39\src\traditional\proc\p18F45K22.asm
                PORTAbits   0x000f80       data     extern C:\MCC18\v3_39\src\traditional\proc\p18F45K22.asm
                    PORTB   0x000f81       data     extern C:\MCC18\v3_39\src\traditional\proc\p18F45K22.asm
                PORTBbits   0x000f81       data     extern C:\MCC18\v3_39\src\traditional\proc\p18F45K22.asm
                    PORTC   0x000f82       data     extern C:\MCC18\v3_39\src\traditional\proc\p18F45K22.asm
                PORTCbits   0x000f82       data     extern C:\MCC18\v3_39\src\traditional\proc\p18F45K22.asm
                    PORTD   0x000f83       data     extern C:\MCC18\v3_39\src\traditional\proc\p18F45K22.asm
                PORTDbits   0x000f83       data     extern C:\MCC18\v3_39\src\traditional\proc\p18F45K22.asm
                    PORTE   0x000f84       data     extern C:\MCC18\v3_39\src\traditional\proc\p18F45K22.asm
                PORTEbits   0x000f84       data     extern C:\MCC18\v3_39\src\traditional\proc\p18F45K22.asm
                 POSTDEC0   0x000fed       data     extern C:\MCC18\v3_39\src\traditional\proc\p18F45K22.asm
                 POSTDEC1   0x000fe5       data     extern C:\MCC18\v3_39\src\traditional\proc\p18F45K22.asm
                 POSTDEC2   0x000fdd       data     extern C:\MCC18\v3_39\src\traditional\proc\p18F45K22.asm
                 POSTINC0   0x000fee       data     extern C:\MCC18\v3_39\src\traditional\proc\p18F45K22.asm
                 POSTINC1   0x000fe6       data     extern C:\MCC18\v3_39\src\traditional\proc\p18F45K22.asm
                 POSTINC2   0x000fde       data     extern C:\MCC18\v3_39\src\traditional\proc\p18F45K22.asm
                      PR2   0x000fbb       data     extern C:\MCC18\v3_39\src\traditional\proc\p18F45K22.asm
                      PR4   0x000f52       data     extern C:\MCC18\v3_39\src\traditional\proc\p18F45K22.asm
                      PR6   0x000f4b       data     extern C:\MCC18\v3_39\src\traditional\proc\p18F45K22.asm
                  PREINC0   0x000fec       data     extern C:\MCC18\v3_39\src\traditional\proc\p18F45K22.asm
                  PREINC1   0x000fe4       data     extern C:\MCC18\v3_39\src\traditional\proc\p18F45K22.asm
                  PREINC2   0x000fdc       data     extern C:\MCC18\v3_39\src\traditional\proc\p18F45K22.asm
                     PROD   0x000ff3       data     extern C:\MCC18\v3_39\src\traditional\proc\p18F45K22.asm
                    PRODH   0x000ff4       data     extern C:\MCC18\v3_39\src\traditional\proc\p18F45K22.asm
                    PRODL   0x000ff3       data     extern C:\MCC18\v3_39\src\traditional\proc\p18F45K22.asm
                 PSTR1CON   0x000fb9       data     extern C:\MCC18\v3_39\src\traditional\proc\p18F45K22.asm
             PSTR1CONbits   0x000fb9       data     extern C:\MCC18\v3_39\src\traditional\proc\p18F45K22.asm
                 PSTR2CON   0x000f63       data     extern C:\MCC18\v3_39\src\traditional\proc\p18F45K22.asm
             PSTR2CONbits   0x000f63       data     extern C:\MCC18\v3_39\src\traditional\proc\p18F45K22.asm
                 PSTR3CON   0x000f5a       data     extern C:\MCC18\v3_39\src\traditional\proc\p18F45K22.asm
             PSTR3CONbits   0x000f5a       data     extern C:\MCC18\v3_39\src\traditional\proc\p18F45K22.asm
                  PSTRCON   0x000fb9       data     extern C:\MCC18\v3_39\src\traditional\proc\p18F45K22.asm
              PSTRCONbits   0x000fb9       data     extern C:\MCC18\v3_39\src\traditional\proc\p18F45K22.asm
                  PWM1CON   0x000fb7       data     extern C:\MCC18\v3_39\src\traditional\proc\p18F45K22.asm
              PWM1CONbits   0x000fb7       data     extern C:\MCC18\v3_39\src\traditional\proc\p18F45K22.asm
                  PWM2CON   0x000f65       data     extern C:\MCC18\v3_39\src\traditional\proc\p18F45K22.asm
              PWM2CONbits   0x000f65       data     extern C:\MCC18\v3_39\src\traditional\proc\p18F45K22.asm
                  PWM3CON   0x000f5c       data     extern C:\MCC18\v3_39\src\traditional\proc\p18F45K22.asm
              PWM3CONbits   0x000f5c       data     extern C:\MCC18\v3_39\src\traditional\proc\p18F45K22.asm
                   PWMCON   0x000fb7       data     extern C:\MCC18\v3_39\src\traditional\proc\p18F45K22.asm
               PWMCONbits   0x000fb7       data     extern C:\MCC18\v3_39\src\traditional\proc\p18F45K22.asm
                   RC1REG   0x000fae       data     extern C:\MCC18\v3_39\src\traditional\proc\p18F45K22.asm
               RC1REGbits   0x000fae       data     extern C:\MCC18\v3_39\src\traditional\proc\p18F45K22.asm
                   RC1STA   0x000fab       data     extern C:\MCC18\v3_39\src\traditional\proc\p18F45K22.asm
               RC1STAbits   0x000fab       data     extern C:\MCC18\v3_39\src\traditional\proc\p18F45K22.asm
                   RC2REG   0x000f74       data     extern C:\MCC18\v3_39\src\traditional\proc\p18F45K22.asm
                   RC2STA   0x000f71       data     extern C:\MCC18\v3_39\src\traditional\proc\p18F45K22.asm
               RC2STAbits   0x000f71       data     extern C:\MCC18\v3_39\src\traditional\proc\p18F45K22.asm
                     RCON   0x000fd0       data     extern C:\MCC18\v3_39\src\traditional\proc\p18F45K22.asm
                 RCONbits   0x000fd0       data     extern C:\MCC18\v3_39\src\traditional\proc\p18F45K22.asm
                    RCREG   0x000fae       data     extern C:\MCC18\v3_39\src\traditional\proc\p18F45K22.asm
                   RCREG1   0x000fae       data     extern C:\MCC18\v3_39\src\traditional\proc\p18F45K22.asm
               RCREG1bits   0x000fae       data     extern C:\MCC18\v3_39\src\traditional\proc\p18F45K22.asm
                   RCREG2   0x000f74       data     extern C:\MCC18\v3_39\src\traditional\proc\p18F45K22.asm
                RCREGbits   0x000fae       data     extern C:\MCC18\v3_39\src\traditional\proc\p18F45K22.asm
                    RCSTA   0x000fab       data     extern C:\MCC18\v3_39\src\traditional\proc\p18F45K22.asm
                   RCSTA1   0x000fab       data     extern C:\MCC18\v3_39\src\traditional\proc\p18F45K22.asm
               RCSTA1bits   0x000fab       data     extern C:\MCC18\v3_39\src\traditional\proc\p18F45K22.asm
                   RCSTA2   0x000f71       data     extern C:\MCC18\v3_39\src\traditional\proc\p18F45K22.asm
               RCSTA2bits   0x000f71       data     extern C:\MCC18\v3_39\src\traditional\proc\p18F45K22.asm
                RCSTAbits   0x000fab       data     extern C:\MCC18\v3_39\src\traditional\proc\p18F45K22.asm
                     SIGN   0x00000e       data     extern C:\MCC18\v3_39\src\traditional\math\cmath18.asm
                   SLRCON   0x000f60       data     extern C:\MCC18\v3_39\src\traditional\proc\p18F45K22.asm
               SLRCONbits   0x000f60       data     extern C:\MCC18\v3_39\src\traditional\proc\p18F45K22.asm
                   SP1BRG   0x000faf       data     extern C:\MCC18\v3_39\src\traditional\proc\p18F45K22.asm
                  SP1BRGH   0x000fb0       data     extern C:\MCC18\v3_39\src\traditional\proc\p18F45K22.asm
              SP1BRGHbits   0x000fb0       data     extern C:\MCC18\v3_39\src\traditional\proc\p18F45K22.asm
               SP1BRGbits   0x000faf       data     extern C:\MCC18\v3_39\src\traditional\proc\p18F45K22.asm
                   SP2BRG   0x000f75       data     extern C:\MCC18\v3_39\src\traditional\proc\p18F45K22.asm
                  SP2BRGH   0x000f76       data     extern C:\MCC18\v3_39\src\traditional\proc\p18F45K22.asm
                    SPBRG   0x000faf       data     extern C:\MCC18\v3_39\src\traditional\proc\p18F45K22.asm
                   SPBRG1   0x000faf       data     extern C:\MCC18\v3_39\src\traditional\proc\p18F45K22.asm
               SPBRG1bits   0x000faf       data     extern C:\MCC18\v3_39\src\traditional\proc\p18F45K22.asm
                   SPBRG2   0x000f75       data     extern C:\MCC18\v3_39\src\traditional\proc\p18F45K22.asm
                   SPBRGH   0x000fb0       data     extern C:\MCC18\v3_39\src\traditional\proc\p18F45K22.asm
                  SPBRGH1   0x000fb0       data     extern C:\MCC18\v3_39\src\traditional\proc\p18F45K22.asm
              SPBRGH1bits   0x000fb0       data     extern C:\MCC18\v3_39\src\traditional\proc\p18F45K22.asm
                  SPBRGH2   0x000f76       data     extern C:\MCC18\v3_39\src\traditional\proc\p18F45K22.asm
               SPBRGHbits   0x000fb0       data     extern C:\MCC18\v3_39\src\traditional\proc\p18F45K22.asm
                SPBRGbits   0x000faf       data     extern C:\MCC18\v3_39\src\traditional\proc\p18F45K22.asm
                   SRCON0   0x000f47       data     extern C:\MCC18\v3_39\src\traditional\proc\p18F45K22.asm
               SRCON0bits   0x000f47       data     extern C:\MCC18\v3_39\src\traditional\proc\p18F45K22.asm
                   SRCON1   0x000f46       data     extern C:\MCC18\v3_39\src\traditional\proc\p18F45K22.asm
               SRCON1bits   0x000f46       data     extern C:\MCC18\v3_39\src\traditional\proc\p18F45K22.asm
                  SSP1ADD   0x000fc8       data     extern C:\MCC18\v3_39\src\traditional\proc\p18F45K22.asm
              SSP1ADDbits   0x000fc8       data     extern C:\MCC18\v3_39\src\traditional\proc\p18F45K22.asm
                  SSP1BUF   0x000fc9       data     extern C:\MCC18\v3_39\src\traditional\proc\p18F45K22.asm
              SSP1BUFbits   0x000fc9       data     extern C:\MCC18\v3_39\src\traditional\proc\p18F45K22.asm
                 SSP1CON1   0x000fc6       data     extern C:\MCC18\v3_39\src\traditional\proc\p18F45K22.asm
             SSP1CON1bits   0x000fc6       data     extern C:\MCC18\v3_39\src\traditional\proc\p18F45K22.asm
                 SSP1CON2   0x000fc5       data     extern C:\MCC18\v3_39\src\traditional\proc\p18F45K22.asm
             SSP1CON2bits   0x000fc5       data     extern C:\MCC18\v3_39\src\traditional\proc\p18F45K22.asm
                 SSP1CON3   0x000fcb       data     extern C:\MCC18\v3_39\src\traditional\proc\p18F45K22.asm
             SSP1CON3bits   0x000fcb       data     extern C:\MCC18\v3_39\src\traditional\proc\p18F45K22.asm
                  SSP1MSK   0x000fca       data     extern C:\MCC18\v3_39\src\traditional\proc\p18F45K22.asm
              SSP1MSKbits   0x000fca       data     extern C:\MCC18\v3_39\src\traditional\proc\p18F45K22.asm
                 SSP1STAT   0x000fc7       data     extern C:\MCC18\v3_39\src\traditional\proc\p18F45K22.asm
             SSP1STATbits   0x000fc7       data     extern C:\MCC18\v3_39\src\traditional\proc\p18F45K22.asm
                  SSP2ADD   0x000f6e       data     extern C:\MCC18\v3_39\src\traditional\proc\p18F45K22.asm
                  SSP2BUF   0x000f6f       data     extern C:\MCC18\v3_39\src\traditional\proc\p18F45K22.asm
                 SSP2CON1   0x000f6c       data     extern C:\MCC18\v3_39\src\traditional\proc\p18F45K22.asm
             SSP2CON1bits   0x000f6c       data     extern C:\MCC18\v3_39\src\traditional\proc\p18F45K22.asm
                 SSP2CON2   0x000f6b       data     extern C:\MCC18\v3_39\src\traditional\proc\p18F45K22.asm
             SSP2CON2bits   0x000f6b       data     extern C:\MCC18\v3_39\src\traditional\proc\p18F45K22.asm
                 SSP2CON3   0x000f69       data     extern C:\MCC18\v3_39\src\traditional\proc\p18F45K22.asm
             SSP2CON3bits   0x000f69       data     extern C:\MCC18\v3_39\src\traditional\proc\p18F45K22.asm
                  SSP2MSK   0x000f6a       data     extern C:\MCC18\v3_39\src\traditional\proc\p18F45K22.asm
              SSP2MSKbits   0x000f6a       data     extern C:\MCC18\v3_39\src\traditional\proc\p18F45K22.asm
                 SSP2STAT   0x000f6d       data     extern C:\MCC18\v3_39\src\traditional\proc\p18F45K22.asm
             SSP2STATbits   0x000f6d       data     extern C:\MCC18\v3_39\src\traditional\proc\p18F45K22.asm
                   SSPADD   0x000fc8       data     extern C:\MCC18\v3_39\src\traditional\proc\p18F45K22.asm
               SSPADDbits   0x000fc8       data     extern C:\MCC18\v3_39\src\traditional\proc\p18F45K22.asm
                   SSPBUF   0x000fc9       data     extern C:\MCC18\v3_39\src\traditional\proc\p18F45K22.asm
               SSPBUFbits   0x000fc9       data     extern C:\MCC18\v3_39\src\traditional\proc\p18F45K22.asm
                  SSPCON1   0x000fc6       data     extern C:\MCC18\v3_39\src\traditional\proc\p18F45K22.asm
              SSPCON1bits   0x000fc6       data     extern C:\MCC18\v3_39\src\traditional\proc\p18F45K22.asm
                  SSPCON2   0x000fc5       data     extern C:\MCC18\v3_39\src\traditional\proc\p18F45K22.asm
              SSPCON2bits   0x000fc5       data     extern C:\MCC18\v3_39\src\traditional\proc\p18F45K22.asm
                  SSPCON3   0x000fcb       data     extern C:\MCC18\v3_39\src\traditional\proc\p18F45K22.asm
              SSPCON3bits   0x000fcb       data     extern C:\MCC18\v3_39\src\traditional\proc\p18F45K22.asm
                   SSPMSK   0x000fca       data     extern C:\MCC18\v3_39\src\traditional\proc\p18F45K22.asm
               SSPMSKbits   0x000fca       data     extern C:\MCC18\v3_39\src\traditional\proc\p18F45K22.asm
                  SSPSTAT   0x000fc7       data     extern C:\MCC18\v3_39\src\traditional\proc\p18F45K22.asm
              SSPSTATbits   0x000fc7       data     extern C:\MCC18\v3_39\src\traditional\proc\p18F45K22.asm
                   STATUS   0x000fd8       data     extern C:\MCC18\v3_39\src\traditional\proc\p18F45K22.asm
               STATUSbits   0x000fd8       data     extern C:\MCC18\v3_39\src\traditional\proc\p18F45K22.asm
                   STKPTR   0x000ffc       data     extern C:\MCC18\v3_39\src\traditional\proc\p18F45K22.asm
               STKPTRbits   0x000ffc       data     extern C:\MCC18\v3_39\src\traditional\proc\p18F45K22.asm
                    T0CON   0x000fd5       data     extern C:\MCC18\v3_39\src\traditional\proc\p18F45K22.asm
                T0CONbits   0x000fd5       data     extern C:\MCC18\v3_39\src\traditional\proc\p18F45K22.asm
                    T1CON   0x000fcd       data     extern C:\MCC18\v3_39\src\traditional\proc\p18F45K22.asm
                T1CONbits   0x000fcd       data     extern C:\MCC18\v3_39\src\traditional\proc\p18F45K22.asm
                   T1GCON   0x000fcc       data     extern C:\MCC18\v3_39\src\traditional\proc\p18F45K22.asm
               T1GCONbits   0x000fcc       data     extern C:\MCC18\v3_39\src\traditional\proc\p18F45K22.asm
                    T2CON   0x000fba       data     extern C:\MCC18\v3_39\src\traditional\proc\p18F45K22.asm
                T2CONbits   0x000fba       data     extern C:\MCC18\v3_39\src\traditional\proc\p18F45K22.asm
                    T3CON   0x000fb1       data     extern C:\MCC18\v3_39\src\traditional\proc\p18F45K22.asm
                T3CONbits   0x000fb1       data     extern C:\MCC18\v3_39\src\traditional\proc\p18F45K22.asm
                   T3GCON   0x000fb4       data     extern C:\MCC18\v3_39\src\traditional\proc\p18F45K22.asm
               T3GCONbits   0x000fb4       data     extern C:\MCC18\v3_39\src\traditional\proc\p18F45K22.asm
                    T4CON   0x000f51       data     extern C:\MCC18\v3_39\src\traditional\proc\p18F45K22.asm
                T4CONbits   0x000f51       data     extern C:\MCC18\v3_39\src\traditional\proc\p18F45K22.asm
                    T5CON   0x000f4e       data     extern C:\MCC18\v3_39\src\traditional\proc\p18F45K22.asm
                T5CONbits   0x000f4e       data     extern C:\MCC18\v3_39\src\traditional\proc\p18F45K22.asm
                   T5GCON   0x000f4d       data     extern C:\MCC18\v3_39\src\traditional\proc\p18F45K22.asm
               T5GCONbits   0x000f4d       data     extern C:\MCC18\v3_39\src\traditional\proc\p18F45K22.asm
                    T6CON   0x000f4a       data     extern C:\MCC18\v3_39\src\traditional\proc\p18F45K22.asm
                T6CONbits   0x000f4a       data     extern C:\MCC18\v3_39\src\traditional\proc\p18F45K22.asm
                   TABLAT   0x000ff5       data     extern C:\MCC18\v3_39\src\traditional\proc\p18F45K22.asm
                   TBLPTR   0x000ff6       data     extern C:\MCC18\v3_39\src\traditional\proc\p18F45K22.asm
                  TBLPTRH   0x000ff7       data     extern C:\MCC18\v3_39\src\traditional\proc\p18F45K22.asm
                  TBLPTRL   0x000ff6       data     extern C:\MCC18\v3_39\src\traditional\proc\p18F45K22.asm
                  TBLPTRU   0x000ff8       data     extern C:\MCC18\v3_39\src\traditional\proc\p18F45K22.asm
              TBLPTRUbits   0x000ff8       data     extern C:\MCC18\v3_39\src\traditional\proc\p18F45K22.asm
                    TMR0H   0x000fd7       data     extern C:\MCC18\v3_39\src\traditional\proc\p18F45K22.asm
                    TMR0L   0x000fd6       data     extern C:\MCC18\v3_39\src\traditional\proc\p18F45K22.asm
                    TMR1H   0x000fcf       data     extern C:\MCC18\v3_39\src\traditional\proc\p18F45K22.asm
                    TMR1L   0x000fce       data     extern C:\MCC18\v3_39\src\traditional\proc\p18F45K22.asm
                     TMR2   0x000fbc       data     extern C:\MCC18\v3_39\src\traditional\proc\p18F45K22.asm
                    TMR3H   0x000fb3       data     extern C:\MCC18\v3_39\src\traditional\proc\p18F45K22.asm
                    TMR3L   0x000fb2       data     extern C:\MCC18\v3_39\src\traditional\proc\p18F45K22.asm
                     TMR4   0x000f53       data     extern C:\MCC18\v3_39\src\traditional\proc\p18F45K22.asm
                    TMR5H   0x000f50       data     extern C:\MCC18\v3_39\src\traditional\proc\p18F45K22.asm
                    TMR5L   0x000f4f       data     extern C:\MCC18\v3_39\src\traditional\proc\p18F45K22.asm
                     TMR6   0x000f4c       data     extern C:\MCC18\v3_39\src\traditional\proc\p18F45K22.asm
                      TOS   0x000ffd       data     extern C:\MCC18\v3_39\src\traditional\proc\p18F45K22.asm
                     TOSH   0x000ffe       data     extern C:\MCC18\v3_39\src\traditional\proc\p18F45K22.asm
                     TOSL   0x000ffd       data     extern C:\MCC18\v3_39\src\traditional\proc\p18F45K22.asm
                     TOSU   0x000fff       data     extern C:\MCC18\v3_39\src\traditional\proc\p18F45K22.asm
                    TRISA   0x000f92       data     extern C:\MCC18\v3_39\src\traditional\proc\p18F45K22.asm
                TRISAbits   0x000f92       data     extern C:\MCC18\v3_39\src\traditional\proc\p18F45K22.asm
                    TRISB   0x000f93       data     extern C:\MCC18\v3_39\src\traditional\proc\p18F45K22.asm
                TRISBbits   0x000f93       data     extern C:\MCC18\v3_39\src\traditional\proc\p18F45K22.asm
                    TRISC   0x000f94       data     extern C:\MCC18\v3_39\src\traditional\proc\p18F45K22.asm
                TRISCbits   0x000f94       data     extern C:\MCC18\v3_39\src\traditional\proc\p18F45K22.asm
                    TRISD   0x000f95       data     extern C:\MCC18\v3_39\src\traditional\proc\p18F45K22.asm
                TRISDbits   0x000f95       data     extern C:\MCC18\v3_39\src\traditional\proc\p18F45K22.asm
                    TRISE   0x000f96       data     extern C:\MCC18\v3_39\src\traditional\proc\p18F45K22.asm
                TRISEbits   0x000f96       data     extern C:\MCC18\v3_39\src\traditional\proc\p18F45K22.asm
                   TX1REG   0x000fad       data     extern C:\MCC18\v3_39\src\traditional\proc\p18F45K22.asm
               TX1REGbits   0x000fad       data     extern C:\MCC18\v3_39\src\traditional\proc\p18F45K22.asm
                   TX1STA   0x000fac       data     extern C:\MCC18\v3_39\src\traditional\proc\p18F45K22.asm
               TX1STAbits   0x000fac       data     extern C:\MCC18\v3_39\src\traditional\proc\p18F45K22.asm
                   TX2REG   0x000f73       data     extern C:\MCC18\v3_39\src\traditional\proc\p18F45K22.asm
                   TX2STA   0x000f72       data     extern C:\MCC18\v3_39\src\traditional\proc\p18F45K22.asm
               TX2STAbits   0x000f72       data     extern C:\MCC18\v3_39\src\traditional\proc\p18F45K22.asm
                    TXREG   0x000fad       data     extern C:\MCC18\v3_39\src\traditional\proc\p18F45K22.asm
                   TXREG1   0x000fad       data     extern C:\MCC18\v3_39\src\traditional\proc\p18F45K22.asm
               TXREG1bits   0x000fad       data     extern C:\MCC18\v3_39\src\traditional\proc\p18F45K22.asm
                   TXREG2   0x000f73       data     extern C:\MCC18\v3_39\src\traditional\proc\p18F45K22.asm
                TXREGbits   0x000fad       data     extern C:\MCC18\v3_39\src\traditional\proc\p18F45K22.asm
                    TXSTA   0x000fac       data     extern C:\MCC18\v3_39\src\traditional\proc\p18F45K22.asm
                   TXSTA1   0x000fac       data     extern C:\MCC18\v3_39\src\traditional\proc\p18F45K22.asm
               TXSTA1bits   0x000fac       data     extern C:\MCC18\v3_39\src\traditional\proc\p18F45K22.asm
                   TXSTA2   0x000f72       data     extern C:\MCC18\v3_39\src\traditional\proc\p18F45K22.asm
               TXSTA2bits   0x000f72       data     extern C:\MCC18\v3_39\src\traditional\proc\p18F45K22.asm
                TXSTAbits   0x000fac       data     extern C:\MCC18\v3_39\src\traditional\proc\p18F45K22.asm
                 VREFCON0   0x000f42       data     extern C:\MCC18\v3_39\src\traditional\proc\p18F45K22.asm
             VREFCON0bits   0x000f42       data     extern C:\MCC18\v3_39\src\traditional\proc\p18F45K22.asm
                 VREFCON1   0x000f41       data     extern C:\MCC18\v3_39\src\traditional\proc\p18F45K22.asm
             VREFCON1bits   0x000f41       data     extern C:\MCC18\v3_39\src\traditional\proc\p18F45K22.asm
                 VREFCON2   0x000f40       data     extern C:\MCC18\v3_39\src\traditional\proc\p18F45K22.asm
             VREFCON2bits   0x000f40       data     extern C:\MCC18\v3_39\src\traditional\proc\p18F45K22.asm
                        W   0x000fe8       data     extern C:\MCC18\v3_39\src\traditional\proc\p18F45K22.asm
                   WDTCON   0x000fd1       data     extern C:\MCC18\v3_39\src\traditional\proc\p18F45K22.asm
               WDTCONbits   0x000fd1       data     extern C:\MCC18\v3_39\src\traditional\proc\p18F45K22.asm
                     WPUB   0x000f61       data     extern C:\MCC18\v3_39\src\traditional\proc\p18F45K22.asm
                 WPUBbits   0x000f61       data     extern C:\MCC18\v3_39\src\traditional\proc\p18F45K22.asm
                     WREG   0x000fe8       data     extern C:\MCC18\v3_39\src\traditional\proc\p18F45K22.asm
                 __AARGB0   0x000007       data     extern C:\MCC18\v3_39\src\traditional\math\aarg.asm
                 __AARGB1   0x000006       data     extern C:\MCC18\v3_39\src\traditional\math\aarg.asm
                 __AARGB2   0x000005       data     extern C:\MCC18\v3_39\src\traditional\math\aarg.asm
                 __AARGB3   0x000004       data     extern C:\MCC18\v3_39\src\traditional\math\aarg.asm
                 __AARGB4   0x000003       data     extern C:\MCC18\v3_39\src\traditional\math\aarg.asm
                 __AARGB5   0x000002       data     extern C:\MCC18\v3_39\src\traditional\math\aarg.asm
                 __AARGB6   0x000001       data     extern C:\MCC18\v3_39\src\traditional\math\aarg.asm
                 __AARGB7   0x000000       data     extern C:\MCC18\v3_39\src\traditional\math\aarg.asm
                   __AEXP   0x000008       data     extern C:\MCC18\v3_39\src\traditional\math\aarg.asm
                 __BARGB0   0x00000c       data     extern C:\MCC18\v3_39\src\traditional\math\barg.asm
                 __BARGB1   0x00000b       data     extern C:\MCC18\v3_39\src\traditional\math\barg.asm
                 __BARGB2   0x00000a       data     extern C:\MCC18\v3_39\src\traditional\math\barg.asm
                 __BARGB3   0x000009       data     extern C:\MCC18\v3_39\src\traditional\math\barg.asm
                   __BEXP   0x00000d       data     extern C:\MCC18\v3_39\src\traditional\math\barg.asm
                __FPFLAGS   0x00000f       data     extern C:\MCC18\v3_39\src\traditional\math\cmath18.asm
            __FPFLAGSbits   0x00000f       data     extern C:\MCC18\v3_39\src\traditional\math\cmath18.asm
                  __REMB0   0x000003       data     extern C:\MCC18\v3_39\src\traditional\math\aarg.asm
                  __REMB1   0x000002       data     extern C:\MCC18\v3_39\src\traditional\math\aarg.asm
                  __REMB2   0x000001       data     extern C:\MCC18\v3_39\src\traditional\math\aarg.asm
                  __REMB3   0x000000       data     extern C:\MCC18\v3_39\src\traditional\math\aarg.asm
                  __tmp_0   0x000010       data     static C:\Edocs\uC\projects\digitimer\operator room\control.c
                  __tmp_0   0x000010       data     static C:\Edocs\uC\projects\digitimer\operator room\TimeDelay.c
                  __tmp_0   0x000010       data     static C:\Edocs\uC\projects\digitimer\operator room\Console.c
                curr_byte   0x000063       data     static C:\MCC18\v3_39\src\traditional\startup\c018i.c
               curr_entry   0x000065       data     static C:\MCC18\v3_39\src\traditional\startup\c018i.c
                 data_ptr   0x000067       data     static C:\MCC18\v3_39\src\traditional\startup\c018i.c
                    odata   0x00006b       data     extern C:\Edocs\uC\projects\digitimer\operator room\control.c
                     prom   0x000060       data     static C:\MCC18\v3_39\src\traditional\startup\c018i.c
                     temp   0x00006c       data     extern C:\Edocs\uC\projects\digitimer\operator room\control.c
                    udata   0x00006a       data     extern C:\Edocs\uC\projects\digitimer\operator room\control.c



                              Symbols - Sorted by Address
                     Name    Address   Location    Storage File                     
                ---------  ---------  ---------  --------- ---------                
                   _entry   0x000000    program     extern C:\MCC18\v3_39\src\traditional\startup\c018i.c
       ___return_lbl00000   0x000004    program     static                          
               isrhandler   0x000008    program     extern C:\Edocs\uC\projects\digitimer\operator room\control.c
       ___return_lbl00000   0x00000c    program     static                          
                 OptoInit   0x00000e    program     extern C:\Edocs\uC\projects\digitimer\operator room\Console.c
         OptoPutROMString   0x000024    program     extern C:\Edocs\uC\projects\digitimer\operator room\Console.c
                  OptoPut   0x00005e    program     extern C:\Edocs\uC\projects\digitimer\operator room\Console.c
                  OptoGet   0x000078    program     extern C:\Edocs\uC\projects\digitimer\operator room\Console.c
            OptoPrintChar   0x000086    program     extern C:\Edocs\uC\projects\digitimer\operator room\Console.c
             OptoPrintDec   0x0000ea    program     extern C:\Edocs\uC\projects\digitimer\operator room\Console.c
                  USBInit   0x0001a6    program     extern C:\Edocs\uC\projects\digitimer\operator room\Console.c
          USBPutROMString   0x0001b8    program     extern C:\Edocs\uC\projects\digitimer\operator room\Console.c
             USBPutString   0x0001f2    program     extern C:\Edocs\uC\projects\digitimer\operator room\Console.c
                   USBPut   0x00022a    program     extern C:\Edocs\uC\projects\digitimer\operator room\Console.c
                   USBGet   0x000244    program     extern C:\Edocs\uC\projects\digitimer\operator room\Console.c
             USBPrintChar   0x000252    program     extern C:\Edocs\uC\projects\digitimer\operator room\Console.c
              USBPrintDec   0x0002b6    program     extern C:\Edocs\uC\projects\digitimer\operator room\Console.c
                Delay10us   0x000372    program     extern C:\Edocs\uC\projects\digitimer\operator room\TimeDelay.c
               __tmplbl_0   0x000422    program     static                          
        ___while_lbl00001   0x000426    program     static                          
         ___else_lbl00004   0x000426    program     static                          
               __tmplbl_1   0x000454    program     static                          
           ___if_lbl00003   0x000472    program     static                          
           ___if_lbl00005   0x000472    program     static                          
       ___return_lbl00000   0x000472    program     static                          
        ___while_lbl00002   0x000472    program     static                          
                  DelayMs   0x000486    program     extern C:\Edocs\uC\projects\digitimer\operator room\TimeDelay.c
               __tmplbl_2   0x00052e    program     static                          
         ___else_lbl00011   0x000534    program     static                          
        ___while_lbl00008   0x000534    program     static                          
               __tmplbl_3   0x000562    program     static                          
           ___if_lbl00010   0x000580    program     static                          
       ___return_lbl00007   0x000580    program     static                          
        ___while_lbl00009   0x000580    program     static                          
                      isr   0x000594    program     extern C:\Edocs\uC\projects\digitimer\operator room\control.c
                    Setup   0x0005b6    program     extern C:\Edocs\uC\projects\digitimer\operator room\control.c
                     main   0x0005f2    program     extern C:\Edocs\uC\projects\digitimer\operator room\control.c
                _do_cinit   0x0006ba    program     extern C:\MCC18\v3_39\src\traditional\startup\c018i.c
                     test   0x0006d4    program     static                          
                copy_loop   0x00072c    program     static                          
            copy_one_byte   0x000732    program     static                          
             done_copying   0x000740    program     static                          
                     done   0x000756    program     static                          
       ___return_lbl00002   0x000756    program     static                          
                  FXM3232   0x000758    program     extern C:\MCC18\v3_39\src\traditional\math\fxm3232.c
       ___return_lbl00000   0x0007c6    program     static                          
                  welcome   0x0007c8    program     extern C:\Edocs\uC\projects\digitimer\operator room\control.c
            __zero_memory   0x0007ee    program     extern C:\MCC18\v3_39\src\traditional\proc\p18F45K22.asm
                   loop_h   0x0007fc    program     static C:\MCC18\v3_39\src\traditional\proc\p18F45K22.asm
               zero_block   0x0007fc    program     static C:\MCC18\v3_39\src\traditional\proc\p18F45K22.asm
                compare_l   0x000804    program     static C:\MCC18\v3_39\src\traditional\proc\p18F45K22.asm
                   loop_l   0x000806    program     static C:\MCC18\v3_39\src\traditional\proc\p18F45K22.asm
                 _startup   0x00080e    program     extern C:\MCC18\v3_39\src\traditional\startup\c018i.c
                     loop   0x00081e    program     static                          
       ___return_lbl00001   0x000828    program     static                          
                 FXD0808U   0x00082a    program     extern C:\MCC18\v3_39\src\traditional\math\fxd0808u.c
                     loop   0x000832    program     static                          
                  endloop   0x000840    program     static                          
       ___return_lbl00000   0x000844    program     static                          
           CharacterArray   0x000846    program     extern C:\Edocs\uC\projects\digitimer\operator room\Console.c
               __string_1   0x000856    program     static C:\Edocs\uC\projects\digitimer\operator room\control.c
                   __init   0x00085a    program     extern C:\MCC18\v3_39\src\traditional\stdclib\__init.c
                  __REMB3   0x000000       data     extern C:\MCC18\v3_39\src\traditional\math\aarg.asm
                 __AARGB7   0x000000       data     extern C:\MCC18\v3_39\src\traditional\math\aarg.asm
                 __AARGB6   0x000001       data     extern C:\MCC18\v3_39\src\traditional\math\aarg.asm
                  __REMB2   0x000001       data     extern C:\MCC18\v3_39\src\traditional\math\aarg.asm
                 __AARGB5   0x000002       data     extern C:\MCC18\v3_39\src\traditional\math\aarg.asm
                  __REMB1   0x000002       data     extern C:\MCC18\v3_39\src\traditional\math\aarg.asm
                 __AARGB4   0x000003       data     extern C:\MCC18\v3_39\src\traditional\math\aarg.asm
                  __REMB0   0x000003       data     extern C:\MCC18\v3_39\src\traditional\math\aarg.asm
                 __AARGB3   0x000004       data     extern C:\MCC18\v3_39\src\traditional\math\aarg.asm
                 __AARGB2   0x000005       data     extern C:\MCC18\v3_39\src\traditional\math\aarg.asm
                 __AARGB1   0x000006       data     extern C:\MCC18\v3_39\src\traditional\math\aarg.asm
                 __AARGB0   0x000007       data     extern C:\MCC18\v3_39\src\traditional\math\aarg.asm
                   __AEXP   0x000008       data     extern C:\MCC18\v3_39\src\traditional\math\aarg.asm
                 __BARGB3   0x000009       data     extern C:\MCC18\v3_39\src\traditional\math\barg.asm
                 __BARGB2   0x00000a       data     extern C:\MCC18\v3_39\src\traditional\math\barg.asm
                 __BARGB1   0x00000b       data     extern C:\MCC18\v3_39\src\traditional\math\barg.asm
                 __BARGB0   0x00000c       data     extern C:\MCC18\v3_39\src\traditional\math\barg.asm
                   __BEXP   0x00000d       data     extern C:\MCC18\v3_39\src\traditional\math\barg.asm
                     SIGN   0x00000e       data     extern C:\MCC18\v3_39\src\traditional\math\cmath18.asm
            __FPFLAGSbits   0x00000f       data     extern C:\MCC18\v3_39\src\traditional\math\cmath18.asm
                __FPFLAGS   0x00000f       data     extern C:\MCC18\v3_39\src\traditional\math\cmath18.asm
                  __tmp_0   0x000010       data     static C:\Edocs\uC\projects\digitimer\operator room\control.c
                  __tmp_0   0x000010       data     static C:\Edocs\uC\projects\digitimer\operator room\Console.c
                  __tmp_0   0x000010       data     static C:\Edocs\uC\projects\digitimer\operator room\TimeDelay.c
                     prom   0x000060       data     static C:\MCC18\v3_39\src\traditional\startup\c018i.c
                curr_byte   0x000063       data     static C:\MCC18\v3_39\src\traditional\startup\c018i.c
               curr_entry   0x000065       data     static C:\MCC18\v3_39\src\traditional\startup\c018i.c
                 data_ptr   0x000067       data     static C:\MCC18\v3_39\src\traditional\startup\c018i.c
                    udata   0x00006a       data     extern C:\Edocs\uC\projects\digitimer\operator room\control.c
                    odata   0x00006b       data     extern C:\Edocs\uC\projects\digitimer\operator room\control.c
                     temp   0x00006c       data     extern C:\Edocs\uC\projects\digitimer\operator room\control.c
               ANSELAbits   0x000f38       data     extern C:\MCC18\v3_39\src\traditional\proc\p18F45K22.asm
                   ANSELA   0x000f38       data     extern C:\MCC18\v3_39\src\traditional\proc\p18F45K22.asm
               ANSELBbits   0x000f39       data     extern C:\MCC18\v3_39\src\traditional\proc\p18F45K22.asm
                   ANSELB   0x000f39       data     extern C:\MCC18\v3_39\src\traditional\proc\p18F45K22.asm
               ANSELCbits   0x000f3a       data     extern C:\MCC18\v3_39\src\traditional\proc\p18F45K22.asm
                   ANSELC   0x000f3a       data     extern C:\MCC18\v3_39\src\traditional\proc\p18F45K22.asm
               ANSELDbits   0x000f3b       data     extern C:\MCC18\v3_39\src\traditional\proc\p18F45K22.asm
                   ANSELD   0x000f3b       data     extern C:\MCC18\v3_39\src\traditional\proc\p18F45K22.asm
                   ANSELE   0x000f3c       data     extern C:\MCC18\v3_39\src\traditional\proc\p18F45K22.asm
               ANSELEbits   0x000f3c       data     extern C:\MCC18\v3_39\src\traditional\proc\p18F45K22.asm
                     PMD2   0x000f3d       data     extern C:\MCC18\v3_39\src\traditional\proc\p18F45K22.asm
                 PMD2bits   0x000f3d       data     extern C:\MCC18\v3_39\src\traditional\proc\p18F45K22.asm
                     PMD1   0x000f3e       data     extern C:\MCC18\v3_39\src\traditional\proc\p18F45K22.asm
                 PMD1bits   0x000f3e       data     extern C:\MCC18\v3_39\src\traditional\proc\p18F45K22.asm
                     PMD0   0x000f3f       data     extern C:\MCC18\v3_39\src\traditional\proc\p18F45K22.asm
                 PMD0bits   0x000f3f       data     extern C:\MCC18\v3_39\src\traditional\proc\p18F45K22.asm
                  DACCON1   0x000f40       data     extern C:\MCC18\v3_39\src\traditional\proc\p18F45K22.asm
              DACCON1bits   0x000f40       data     extern C:\MCC18\v3_39\src\traditional\proc\p18F45K22.asm
             VREFCON2bits   0x000f40       data     extern C:\MCC18\v3_39\src\traditional\proc\p18F45K22.asm
                 VREFCON2   0x000f40       data     extern C:\MCC18\v3_39\src\traditional\proc\p18F45K22.asm
                  DACCON0   0x000f41       data     extern C:\MCC18\v3_39\src\traditional\proc\p18F45K22.asm
              DACCON0bits   0x000f41       data     extern C:\MCC18\v3_39\src\traditional\proc\p18F45K22.asm
                 VREFCON1   0x000f41       data     extern C:\MCC18\v3_39\src\traditional\proc\p18F45K22.asm
             VREFCON1bits   0x000f41       data     extern C:\MCC18\v3_39\src\traditional\proc\p18F45K22.asm
                   FVRCON   0x000f42       data     extern C:\MCC18\v3_39\src\traditional\proc\p18F45K22.asm
                 VREFCON0   0x000f42       data     extern C:\MCC18\v3_39\src\traditional\proc\p18F45K22.asm
             VREFCON0bits   0x000f42       data     extern C:\MCC18\v3_39\src\traditional\proc\p18F45K22.asm
               FVRCONbits   0x000f42       data     extern C:\MCC18\v3_39\src\traditional\proc\p18F45K22.asm
             CTMUICONbits   0x000f43       data     extern C:\MCC18\v3_39\src\traditional\proc\p18F45K22.asm
            CTMUICONHbits   0x000f43       data     extern C:\MCC18\v3_39\src\traditional\proc\p18F45K22.asm
                CTMUICONH   0x000f43       data     extern C:\MCC18\v3_39\src\traditional\proc\p18F45K22.asm
                 CTMUICON   0x000f43       data     extern C:\MCC18\v3_39\src\traditional\proc\p18F45K22.asm
             CTMUCONLbits   0x000f44       data     extern C:\MCC18\v3_39\src\traditional\proc\p18F45K22.asm
                 CTMUCONL   0x000f44       data     extern C:\MCC18\v3_39\src\traditional\proc\p18F45K22.asm
                 CTMUCON1   0x000f44       data     extern C:\MCC18\v3_39\src\traditional\proc\p18F45K22.asm
             CTMUCON1bits   0x000f44       data     extern C:\MCC18\v3_39\src\traditional\proc\p18F45K22.asm
             CTMUCONHbits   0x000f45       data     extern C:\MCC18\v3_39\src\traditional\proc\p18F45K22.asm
                 CTMUCON0   0x000f45       data     extern C:\MCC18\v3_39\src\traditional\proc\p18F45K22.asm
             CTMUCON0bits   0x000f45       data     extern C:\MCC18\v3_39\src\traditional\proc\p18F45K22.asm
                 CTMUCONH   0x000f45       data     extern C:\MCC18\v3_39\src\traditional\proc\p18F45K22.asm
               SRCON1bits   0x000f46       data     extern C:\MCC18\v3_39\src\traditional\proc\p18F45K22.asm
                   SRCON1   0x000f46       data     extern C:\MCC18\v3_39\src\traditional\proc\p18F45K22.asm
                   SRCON0   0x000f47       data     extern C:\MCC18\v3_39\src\traditional\proc\p18F45K22.asm
               SRCON0bits   0x000f47       data     extern C:\MCC18\v3_39\src\traditional\proc\p18F45K22.asm
             CCPTMRS1bits   0x000f48       data     extern C:\MCC18\v3_39\src\traditional\proc\p18F45K22.asm
                 CCPTMRS1   0x000f48       data     extern C:\MCC18\v3_39\src\traditional\proc\p18F45K22.asm
             CCPTMRS0bits   0x000f49       data     extern C:\MCC18\v3_39\src\traditional\proc\p18F45K22.asm
                 CCPTMRS0   0x000f49       data     extern C:\MCC18\v3_39\src\traditional\proc\p18F45K22.asm
                T6CONbits   0x000f4a       data     extern C:\MCC18\v3_39\src\traditional\proc\p18F45K22.asm
                    T6CON   0x000f4a       data     extern C:\MCC18\v3_39\src\traditional\proc\p18F45K22.asm
                      PR6   0x000f4b       data     extern C:\MCC18\v3_39\src\traditional\proc\p18F45K22.asm
                     TMR6   0x000f4c       data     extern C:\MCC18\v3_39\src\traditional\proc\p18F45K22.asm
                   T5GCON   0x000f4d       data     extern C:\MCC18\v3_39\src\traditional\proc\p18F45K22.asm
               T5GCONbits   0x000f4d       data     extern C:\MCC18\v3_39\src\traditional\proc\p18F45K22.asm
                    T5CON   0x000f4e       data     extern C:\MCC18\v3_39\src\traditional\proc\p18F45K22.asm
                T5CONbits   0x000f4e       data     extern C:\MCC18\v3_39\src\traditional\proc\p18F45K22.asm
                    TMR5L   0x000f4f       data     extern C:\MCC18\v3_39\src\traditional\proc\p18F45K22.asm
                    TMR5H   0x000f50       data     extern C:\MCC18\v3_39\src\traditional\proc\p18F45K22.asm
                    T4CON   0x000f51       data     extern C:\MCC18\v3_39\src\traditional\proc\p18F45K22.asm
                T4CONbits   0x000f51       data     extern C:\MCC18\v3_39\src\traditional\proc\p18F45K22.asm
                      PR4   0x000f52       data     extern C:\MCC18\v3_39\src\traditional\proc\p18F45K22.asm
                     TMR4   0x000f53       data     extern C:\MCC18\v3_39\src\traditional\proc\p18F45K22.asm
              CCP5CONbits   0x000f54       data     extern C:\MCC18\v3_39\src\traditional\proc\p18F45K22.asm
                  CCP5CON   0x000f54       data     extern C:\MCC18\v3_39\src\traditional\proc\p18F45K22.asm
                   CCPR5L   0x000f55       data     extern C:\MCC18\v3_39\src\traditional\proc\p18F45K22.asm
                    CCPR5   0x000f55       data     extern C:\MCC18\v3_39\src\traditional\proc\p18F45K22.asm
                   CCPR5H   0x000f56       data     extern C:\MCC18\v3_39\src\traditional\proc\p18F45K22.asm
                  CCP4CON   0x000f57       data     extern C:\MCC18\v3_39\src\traditional\proc\p18F45K22.asm
              CCP4CONbits   0x000f57       data     extern C:\MCC18\v3_39\src\traditional\proc\p18F45K22.asm
                   CCPR4L   0x000f58       data     extern C:\MCC18\v3_39\src\traditional\proc\p18F45K22.asm
                    CCPR4   0x000f58       data     extern C:\MCC18\v3_39\src\traditional\proc\p18F45K22.asm
                   CCPR4H   0x000f59       data     extern C:\MCC18\v3_39\src\traditional\proc\p18F45K22.asm
             PSTR3CONbits   0x000f5a       data     extern C:\MCC18\v3_39\src\traditional\proc\p18F45K22.asm
                 PSTR3CON   0x000f5a       data     extern C:\MCC18\v3_39\src\traditional\proc\p18F45K22.asm
                   CCP3AS   0x000f5b       data     extern C:\MCC18\v3_39\src\traditional\proc\p18F45K22.asm
               CCP3ASbits   0x000f5b       data     extern C:\MCC18\v3_39\src\traditional\proc\p18F45K22.asm
                  ECCP3AS   0x000f5b       data     extern C:\MCC18\v3_39\src\traditional\proc\p18F45K22.asm
              ECCP3ASbits   0x000f5b       data     extern C:\MCC18\v3_39\src\traditional\proc\p18F45K22.asm
              PWM3CONbits   0x000f5c       data     extern C:\MCC18\v3_39\src\traditional\proc\p18F45K22.asm
                  PWM3CON   0x000f5c       data     extern C:\MCC18\v3_39\src\traditional\proc\p18F45K22.asm
                  CCP3CON   0x000f5d       data     extern C:\MCC18\v3_39\src\traditional\proc\p18F45K22.asm
              CCP3CONbits   0x000f5d       data     extern C:\MCC18\v3_39\src\traditional\proc\p18F45K22.asm
                    CCPR3   0x000f5e       data     extern C:\MCC18\v3_39\src\traditional\proc\p18F45K22.asm
                   CCPR3L   0x000f5e       data     extern C:\MCC18\v3_39\src\traditional\proc\p18F45K22.asm
                   CCPR3H   0x000f5f       data     extern C:\MCC18\v3_39\src\traditional\proc\p18F45K22.asm
               SLRCONbits   0x000f60       data     extern C:\MCC18\v3_39\src\traditional\proc\p18F45K22.asm
                   SLRCON   0x000f60       data     extern C:\MCC18\v3_39\src\traditional\proc\p18F45K22.asm
                     WPUB   0x000f61       data     extern C:\MCC18\v3_39\src\traditional\proc\p18F45K22.asm
                 WPUBbits   0x000f61       data     extern C:\MCC18\v3_39\src\traditional\proc\p18F45K22.asm
                 IOCBbits   0x000f62       data     extern C:\MCC18\v3_39\src\traditional\proc\p18F45K22.asm
                     IOCB   0x000f62       data     extern C:\MCC18\v3_39\src\traditional\proc\p18F45K22.asm
             PSTR2CONbits   0x000f63       data     extern C:\MCC18\v3_39\src\traditional\proc\p18F45K22.asm
                 PSTR2CON   0x000f63       data     extern C:\MCC18\v3_39\src\traditional\proc\p18F45K22.asm
                   CCP2AS   0x000f64       data     extern C:\MCC18\v3_39\src\traditional\proc\p18F45K22.asm
               CCP2ASbits   0x000f64       data     extern C:\MCC18\v3_39\src\traditional\proc\p18F45K22.asm
                  ECCP2AS   0x000f64       data     extern C:\MCC18\v3_39\src\traditional\proc\p18F45K22.asm
              ECCP2ASbits   0x000f64       data     extern C:\MCC18\v3_39\src\traditional\proc\p18F45K22.asm
                  PWM2CON   0x000f65       data     extern C:\MCC18\v3_39\src\traditional\proc\p18F45K22.asm
              PWM2CONbits   0x000f65       data     extern C:\MCC18\v3_39\src\traditional\proc\p18F45K22.asm
              CCP2CONbits   0x000f66       data     extern C:\MCC18\v3_39\src\traditional\proc\p18F45K22.asm
                  CCP2CON   0x000f66       data     extern C:\MCC18\v3_39\src\traditional\proc\p18F45K22.asm
                    CCPR2   0x000f67       data     extern C:\MCC18\v3_39\src\traditional\proc\p18F45K22.asm
                   CCPR2L   0x000f67       data     extern C:\MCC18\v3_39\src\traditional\proc\p18F45K22.asm
                   CCPR2H   0x000f68       data     extern C:\MCC18\v3_39\src\traditional\proc\p18F45K22.asm
                 SSP2CON3   0x000f69       data     extern C:\MCC18\v3_39\src\traditional\proc\p18F45K22.asm
             SSP2CON3bits   0x000f69       data     extern C:\MCC18\v3_39\src\traditional\proc\p18F45K22.asm
                  SSP2MSK   0x000f6a       data     extern C:\MCC18\v3_39\src\traditional\proc\p18F45K22.asm
              SSP2MSKbits   0x000f6a       data     extern C:\MCC18\v3_39\src\traditional\proc\p18F45K22.asm
                 SSP2CON2   0x000f6b       data     extern C:\MCC18\v3_39\src\traditional\proc\p18F45K22.asm
             SSP2CON2bits   0x000f6b       data     extern C:\MCC18\v3_39\src\traditional\proc\p18F45K22.asm
[...]
                   EEDATA   0x000fa8       data     extern C:\MCC18\v3_39\src\traditional\proc\p18F45K22.asm
                    EEADR   0x000fa9       data     extern C:\MCC18\v3_39\src\traditional\proc\p18F45K22.asm
                EEADRbits   0x000fa9       data     extern C:\MCC18\v3_39\src\traditional\proc\p18F45K22.asm
                   RC1STA   0x000fab       data     extern C:\MCC18\v3_39\src\traditional\proc\p18F45K22.asm
               RC1STAbits   0x000fab       data     extern C:\MCC18\v3_39\src\traditional\proc\p18F45K22.asm
                RCSTAbits   0x000fab       data     extern C:\MCC18\v3_39\src\traditional\proc\p18F45K22.asm
               RCSTA1bits   0x000fab       data     extern C:\MCC18\v3_39\src\traditional\proc\p18F45K22.asm
                   RCSTA1   0x000fab       data     extern C:\MCC18\v3_39\src\traditional\proc\p18F45K22.asm
                    RCSTA   0x000fab       data     extern C:\MCC18\v3_39\src\traditional\proc\p18F45K22.asm
                   TXSTA1   0x000fac       data     extern C:\MCC18\v3_39\src\traditional\proc\p18F45K22.asm
                    TXSTA   0x000fac       data     extern C:\MCC18\v3_39\src\traditional\proc\p18F45K22.asm
               TXSTA1bits   0x000fac       data     extern C:\MCC18\v3_39\src\traditional\proc\p18F45K22.asm
                   TX1STA   0x000fac       data     extern C:\MCC18\v3_39\src\traditional\proc\p18F45K22.asm
               TX1STAbits   0x000fac       data     extern C:\MCC18\v3_39\src\traditional\proc\p18F45K22.asm
                TXSTAbits   0x000fac       data     extern C:\MCC18\v3_39\src\traditional\proc\p18F45K22.asm
                   TXREG1   0x000fad       data     extern C:\MCC18\v3_39\src\traditional\proc\p18F45K22.asm
                TXREGbits   0x000fad       data     extern C:\MCC18\v3_39\src\traditional\proc\p18F45K22.asm
                    TXREG   0x000fad       data     extern C:\MCC18\v3_39\src\traditional\proc\p18F45K22.asm
               TX1REGbits   0x000fad       data     extern C:\MCC18\v3_39\src\traditional\proc\p18F45K22.asm
                   TX1REG   0x000fad       data     extern C:\MCC18\v3_39\src\traditional\proc\p18F45K22.asm
               TXREG1bits   0x000fad       data     extern C:\MCC18\v3_39\src\traditional\proc\p18F45K22.asm
                   RC1REG   0x000fae       data     extern C:\MCC18\v3_39\src\traditional\proc\p18F45K22.asm
               RC1REGbits   0x000fae       data     extern C:\MCC18\v3_39\src\traditional\proc\p18F45K22.asm
                    RCREG   0x000fae       data     extern C:\MCC18\v3_39\src\traditional\proc\p18F45K22.asm
                   RCREG1   0x000fae       data     extern C:\MCC18\v3_39\src\traditional\proc\p18F45K22.asm
               RCREG1bits   0x000fae       data     extern C:\MCC18\v3_39\src\traditional\proc\p18F45K22.asm
                RCREGbits   0x000fae       data     extern C:\MCC18\v3_39\src\traditional\proc\p18F45K22.asm
                SPBRGbits   0x000faf       data     extern C:\MCC18\v3_39\src\traditional\proc\p18F45K22.asm
               SPBRG1bits   0x000faf       data     extern C:\MCC18\v3_39\src\traditional\proc\p18F45K22.asm
                   SPBRG1   0x000faf       data     extern C:\MCC18\v3_39\src\traditional\proc\p18F45K22.asm
                    SPBRG   0x000faf       data     extern C:\MCC18\v3_39\src\traditional\proc\p18F45K22.asm
               SP1BRGbits   0x000faf       data     extern C:\MCC18\v3_39\src\traditional\proc\p18F45K22.asm
                   SP1BRG   0x000faf       data     extern C:\MCC18\v3_39\src\traditional\proc\p18F45K22.asm
                  SP1BRGH   0x000fb0       data     extern C:\MCC18\v3_39\src\traditional\proc\p18F45K22.asm
              SP1BRGHbits   0x000fb0       data     extern C:\MCC18\v3_39\src\traditional\proc\p18F45K22.asm
                   SPBRGH   0x000fb0       data     extern C:\MCC18\v3_39\src\traditional\proc\p18F45K22.asm
                  SPBRGH1   0x000fb0       data     extern C:\MCC18\v3_39\src\traditional\proc\p18F45K22.asm
               SPBRGHbits   0x000fb0       data     extern C:\MCC18\v3_39\src\traditional\proc\p18F45K22.asm
              SPBRGH1bits   0x000fb0       data     extern C:\MCC18\v3_39\src\traditional\proc\p18F45K22.asm
                    T3CON   0x000fb1       data     extern C:\MCC18\v3_39\src\traditional\proc\p18F45K22.asm
                T3CONbits   0x000fb1       data     extern C:\MCC18\v3_39\src\traditional\proc\p18F45K22.asm
                    TMR3L   0x000fb2       data     extern C:\MCC18\v3_39\src\traditional\proc\p18F45K22.asm
                    TMR3H   0x000fb3       data     extern C:\MCC18\v3_39\src\traditional\proc\p18F45K22.asm
               T3GCONbits   0x000fb4       data     extern C:\MCC18\v3_39\src\traditional\proc\p18F45K22.asm
                   T3GCON   0x000fb4       data     extern C:\MCC18\v3_39\src\traditional\proc\p18F45K22.asm
               ECCPASbits   0x000fb6       data     extern C:\MCC18\v3_39\src\traditional\proc\p18F45K22.asm
                  ECCP1AS   0x000fb6       data     extern C:\MCC18\v3_39\src\traditional\proc\p18F45K22.asm
              ECCP1ASbits   0x000fb6       data     extern C:\MCC18\v3_39\src\traditional\proc\p18F45K22.asm
                   ECCPAS   0x000fb6       data     extern C:\MCC18\v3_39\src\traditional\proc\p18F45K22.asm
                  PWM1CON   0x000fb7       data     extern C:\MCC18\v3_39\src\traditional\proc\p18F45K22.asm
              PWM1CONbits   0x000fb7       data     extern C:\MCC18\v3_39\src\traditional\proc\p18F45K22.asm
                   PWMCON   0x000fb7       data     extern C:\MCC18\v3_39\src\traditional\proc\p18F45K22.asm
               PWMCONbits   0x000fb7       data     extern C:\MCC18\v3_39\src\traditional\proc\p18F45K22.asm
                  BAUDCON   0x000fb8       data     extern C:\MCC18\v3_39\src\traditional\proc\p18F45K22.asm
             BAUDCON1bits   0x000fb8       data     extern C:\MCC18\v3_39\src\traditional\proc\p18F45K22.asm
                 BAUDCON1   0x000fb8       data     extern C:\MCC18\v3_39\src\traditional\proc\p18F45K22.asm
              BAUDCONbits   0x000fb8       data     extern C:\MCC18\v3_39\src\traditional\proc\p18F45K22.asm
                  BAUDCTL   0x000fb8       data     extern C:\MCC18\v3_39\src\traditional\proc\p18F45K22.asm
              BAUDCTLbits   0x000fb8       data     extern C:\MCC18\v3_39\src\traditional\proc\p18F45K22.asm
             BAUD1CONbits   0x000fb8       data     extern C:\MCC18\v3_39\src\traditional\proc\p18F45K22.asm
                 BAUD1CON   0x000fb8       data     extern C:\MCC18\v3_39\src\traditional\proc\p18F45K22.asm
              PSTRCONbits   0x000fb9       data     extern C:\MCC18\v3_39\src\traditional\proc\p18F45K22.asm
                  PSTRCON   0x000fb9       data     extern C:\MCC18\v3_39\src\traditional\proc\p18F45K22.asm
             PSTR1CONbits   0x000fb9       data     extern C:\MCC18\v3_39\src\traditional\proc\p18F45K22.asm
                 PSTR1CON   0x000fb9       data     extern C:\MCC18\v3_39\src\traditional\proc\p18F45K22.asm
                    T2CON   0x000fba       data     extern C:\MCC18\v3_39\src\traditional\proc\p18F45K22.asm
                T2CONbits   0x000fba       data     extern C:\MCC18\v3_39\src\traditional\proc\p18F45K22.asm
                      PR2   0x000fbb       data     extern C:\MCC18\v3_39\src\traditional\proc\p18F45K22.asm
                     TMR2   0x000fbc       data     extern C:\MCC18\v3_39\src\traditional\proc\p18F45K22.asm
              CCP1CONbits   0x000fbd       data     extern C:\MCC18\v3_39\src\traditional\proc\p18F45K22.asm
                  CCP1CON   0x000fbd       data     extern C:\MCC18\v3_39\src\traditional\proc\p18F45K22.asm
                    CCPR1   0x000fbe       data     extern C:\MCC18\v3_39\src\traditional\proc\p18F45K22.asm
                   CCPR1L   0x000fbe       data     extern C:\MCC18\v3_39\src\traditional\proc\p18F45K22.asm
                   CCPR1H   0x000fbf       data     extern C:\MCC18\v3_39\src\traditional\proc\p18F45K22.asm
               ADCON2bits   0x000fc0       data     extern C:\MCC18\v3_39\src\traditional\proc\p18F45K22.asm
                   ADCON2   0x000fc0       data     extern C:\MCC18\v3_39\src\traditional\proc\p18F45K22.asm
                   ADCON1   0x000fc1       data     extern C:\MCC18\v3_39\src\traditional\proc\p18F45K22.asm
               ADCON1bits   0x000fc1       data     extern C:\MCC18\v3_39\src\traditional\proc\p18F45K22.asm
                   ADCON0   0x000fc2       data     extern C:\MCC18\v3_39\src\traditional\proc\p18F45K22.asm
               ADCON0bits   0x000fc2       data     extern C:\MCC18\v3_39\src\traditional\proc\p18F45K22.asm
                    ADRES   0x000fc3       data     extern C:\MCC18\v3_39\src\traditional\proc\p18F45K22.asm
                   ADRESL   0x000fc3       data     extern C:\MCC18\v3_39\src\traditional\proc\p18F45K22.asm
                   ADRESH   0x000fc4       data     extern C:\MCC18\v3_39\src\traditional\proc\p18F45K22.asm
                 SSP1CON2   0x000fc5       data     extern C:\MCC18\v3_39\src\traditional\proc\p18F45K22.asm
             SSP1CON2bits   0x000fc5       data     extern C:\MCC18\v3_39\src\traditional\proc\p18F45K22.asm
                  SSPCON2   0x000fc5       data     extern C:\MCC18\v3_39\src\traditional\proc\p18F45K22.asm
              SSPCON2bits   0x000fc5       data     extern C:\MCC18\v3_39\src\traditional\proc\p18F45K22.asm
                 SSP1CON1   0x000fc6       data     extern C:\MCC18\v3_39\src\traditional\proc\p18F45K22.asm
             SSP1CON1bits   0x000fc6       data     extern C:\MCC18\v3_39\src\traditional\proc\p18F45K22.asm
                  SSPCON1   0x000fc6       data     extern C:\MCC18\v3_39\src\traditional\proc\p18F45K22.asm
              SSPCON1bits   0x000fc6       data     extern C:\MCC18\v3_39\src\traditional\proc\p18F45K22.asm
                 SSP1STAT   0x000fc7       data     extern C:\MCC18\v3_39\src\traditional\proc\p18F45K22.asm
             SSP1STATbits   0x000fc7       data     extern C:\MCC18\v3_39\src\traditional\proc\p18F45K22.asm
              SSPSTATbits   0x000fc7       data     extern C:\MCC18\v3_39\src\traditional\proc\p18F45K22.asm
                  SSPSTAT   0x000fc7       data     extern C:\MCC18\v3_39\src\traditional\proc\p18F45K22.asm
                   SSPADD   0x000fc8       data     extern C:\MCC18\v3_39\src\traditional\proc\p18F45K22.asm
               SSPADDbits   0x000fc8       data     extern C:\MCC18\v3_39\src\traditional\proc\p18F45K22.asm
                  SSP1ADD   0x000fc8       data     extern C:\MCC18\v3_39\src\traditional\proc\p18F45K22.asm
              SSP1ADDbits   0x000fc8       data     extern C:\MCC18\v3_39\src\traditional\proc\p18F45K22.asm
                   SSPBUF   0x000fc9       data     extern C:\MCC18\v3_39\src\traditional\proc\p18F45K22.asm
                  SSP1BUF   0x000fc9       data     extern C:\MCC18\v3_39\src\traditional\proc\p18F45K22.asm
               SSPBUFbits   0x000fc9       data     extern C:\MCC18\v3_39\src\traditional\proc\p18F45K22.asm
              SSP1BUFbits   0x000fc9       data     extern C:\MCC18\v3_39\src\traditional\proc\p18F45K22.asm
              SSP1MSKbits   0x000fca       data     extern C:\MCC18\v3_39\src\traditional\proc\p18F45K22.asm
                  SSP1MSK   0x000fca       data     extern C:\MCC18\v3_39\src\traditional\proc\p18F45K22.asm
                   SSPMSK   0x000fca       data     extern C:\MCC18\v3_39\src\traditional\proc\p18F45K22.asm
               SSPMSKbits   0x000fca       data     extern C:\MCC18\v3_39\src\traditional\proc\p18F45K22.asm
                 SSP1CON3   0x000fcb       data     extern C:\MCC18\v3_39\src\traditional\proc\p18F45K22.asm
             SSP1CON3bits   0x000fcb       data     extern C:\MCC18\v3_39\src\traditional\proc\p18F45K22.asm
                  SSPCON3   0x000fcb       data     extern C:\MCC18\v3_39\src\traditional\proc\p18F45K22.asm
              SSPCON3bits   0x000fcb       data     extern C:\MCC18\v3_39\src\traditional\proc\p18F45K22.asm
                   T1GCON   0x000fcc       data     extern C:\MCC18\v3_39\src\traditional\proc\p18F45K22.asm
               T1GCONbits   0x000fcc       data     extern C:\MCC18\v3_39\src\traditional\proc\p18F45K22.asm
                T1CONbits   0x000fcd       data     extern C:\MCC18\v3_39\src\traditional\proc\p18F45K22.asm
                    T1CON   0x000fcd       data     extern C:\MCC18\v3_39\src\traditional\proc\p18F45K22.asm
                    TMR1L   0x000fce       data     extern C:\MCC18\v3_39\src\traditional\proc\p18F45K22.asm
                    TMR1H   0x000fcf       data     extern C:\MCC18\v3_39\src\traditional\proc\p18F45K22.asm
                     RCON   0x000fd0       data     extern C:\MCC18\v3_39\src\traditional\proc\p18F45K22.asm
                 RCONbits   0x000fd0       data     extern C:\MCC18\v3_39\src\traditional\proc\p18F45K22.asm
               WDTCONbits   0x000fd1       data     extern C:\MCC18\v3_39\src\traditional\proc\p18F45K22.asm
                   WDTCON   0x000fd1       data     extern C:\MCC18\v3_39\src\traditional\proc\p18F45K22.asm
              OSCCON2bits   0x000fd2       data     extern C:\MCC18\v3_39\src\traditional\proc\p18F45K22.asm
                  OSCCON2   0x000fd2       data     extern C:\MCC18\v3_39\src\traditional\proc\p18F45K22.asm
                   OSCCON   0x000fd3       data     extern C:\MCC18\v3_39\src\traditional\proc\p18F45K22.asm
               OSCCONbits   0x000fd3       data     extern C:\MCC18\v3_39\src\traditional\proc\p18F45K22.asm
                    T0CON   0x000fd5       data     extern C:\MCC18\v3_39\src\traditional\proc\p18F45K22.asm
                T0CONbits   0x000fd5       data     extern C:\MCC18\v3_39\src\traditional\proc\p18F45K22.asm
                    TMR0L   0x000fd6       data     extern C:\MCC18\v3_39\src\traditional\proc\p18F45K22.asm
                    TMR0H   0x000fd7       data     extern C:\MCC18\v3_39\src\traditional\proc\p18F45K22.asm
               STATUSbits   0x000fd8       data     extern C:\MCC18\v3_39\src\traditional\proc\p18F45K22.asm
                   STATUS   0x000fd8       data     extern C:\MCC18\v3_39\src\traditional\proc\p18F45K22.asm
                     FSR2   0x000fd9       data     extern C:\MCC18\v3_39\src\traditional\proc\p18F45K22.asm
                    FSR2L   0x000fd9       data     extern C:\MCC18\v3_39\src\traditional\proc\p18F45K22.asm
                    FSR2H   0x000fda       data     extern C:\MCC18\v3_39\src\traditional\proc\p18F45K22.asm
                   PLUSW2   0x000fdb       data     extern C:\MCC18\v3_39\src\traditional\proc\p18F45K22.asm
                  PREINC2   0x000fdc       data     extern C:\MCC18\v3_39\src\traditional\proc\p18F45K22.asm
                 POSTDEC2   0x000fdd       data     extern C:\MCC18\v3_39\src\traditional\proc\p18F45K22.asm
                 POSTINC2   0x000fde       data     extern C:\MCC18\v3_39\src\traditional\proc\p18F45K22.asm
                    INDF2   0x000fdf       data     extern C:\MCC18\v3_39\src\traditional\proc\p18F45K22.asm
                      BSR   0x000fe0       data     extern C:\MCC18\v3_39\src\traditional\proc\p18F45K22.asm
                    FSR1L   0x000fe1       data     extern C:\MCC18\v3_39\src\traditional\proc\p18F45K22.asm
                     FSR1   0x000fe1       data     extern C:\MCC18\v3_39\src\traditional\proc\p18F45K22.asm
                    FSR1H   0x000fe2       data     extern C:\MCC18\v3_39\src\traditional\proc\p18F45K22.asm
                   PLUSW1   0x000fe3       data     extern C:\MCC18\v3_39\src\traditional\proc\p18F45K22.asm
                  PREINC1   0x000fe4       data     extern C:\MCC18\v3_39\src\traditional\proc\p18F45K22.asm
                 POSTDEC1   0x000fe5       data     extern C:\MCC18\v3_39\src\traditional\proc\p18F45K22.asm
                 POSTINC1   0x000fe6       data     extern C:\MCC18\v3_39\src\traditional\proc\p18F45K22.asm
                    INDF1   0x000fe7       data     extern C:\MCC18\v3_39\src\traditional\proc\p18F45K22.asm
                        W   0x000fe8       data     extern C:\MCC18\v3_39\src\traditional\proc\p18F45K22.asm
                     WREG   0x000fe8       data     extern C:\MCC18\v3_39\src\traditional\proc\p18F45K22.asm
                     FSR0   0x000fe9       data     extern C:\MCC18\v3_39\src\traditional\proc\p18F45K22.asm
                    FSR0L   0x000fe9       data     extern C:\MCC18\v3_39\src\traditional\proc\p18F45K22.asm
                    FSR0H   0x000fea       data     extern C:\MCC18\v3_39\src\traditional\proc\p18F45K22.asm
                   PLUSW0   0x000feb       data     extern C:\MCC18\v3_39\src\traditional\proc\p18F45K22.asm
                  PREINC0   0x000fec       data     extern C:\MCC18\v3_39\src\traditional\proc\p18F45K22.asm
                 POSTDEC0   0x000fed       data     extern C:\MCC18\v3_39\src\traditional\proc\p18F45K22.asm
                 POSTINC0   0x000fee       data     extern C:\MCC18\v3_39\src\traditional\proc\p18F45K22.asm
                    INDF0   0x000fef       data     extern C:\MCC18\v3_39\src\traditional\proc\p18F45K22.asm
              INTCON3bits   0x000ff0       data     extern C:\MCC18\v3_39\src\traditional\proc\p18F45K22.asm
                  INTCON3   0x000ff0       data     extern C:\MCC18\v3_39\src\traditional\proc\p18F45K22.asm
              INTCON2bits   0x000ff1       data     extern C:\MCC18\v3_39\src\traditional\proc\p18F45K22.asm
                  INTCON2   0x000ff1       data     extern C:\MCC18\v3_39\src\traditional\proc\p18F45K22.asm
               INTCONbits   0x000ff2       data     extern C:\MCC18\v3_39\src\traditional\proc\p18F45K22.asm
                   INTCON   0x000ff2       data     extern C:\MCC18\v3_39\src\traditional\proc\p18F45K22.asm
                     PROD   0x000ff3       data     extern C:\MCC18\v3_39\src\traditional\proc\p18F45K22.asm
                    PRODL   0x000ff3       data     extern C:\MCC18\v3_39\src\traditional\proc\p18F45K22.asm
                    PRODH   0x000ff4       data     extern C:\MCC18\v3_39\src\traditional\proc\p18F45K22.asm
                   TABLAT   0x000ff5       data     extern C:\MCC18\v3_39\src\traditional\proc\p18F45K22.asm
                   TBLPTR   0x000ff6       data     extern C:\MCC18\v3_39\src\traditional\proc\p18F45K22.asm
                  TBLPTRL   0x000ff6       data     extern C:\MCC18\v3_39\src\traditional\proc\p18F45K22.asm
                  TBLPTRH   0x000ff7       data     extern C:\MCC18\v3_39\src\traditional\proc\p18F45K22.asm
                  TBLPTRU   0x000ff8       data     extern C:\MCC18\v3_39\src\traditional\proc\p18F45K22.asm
              TBLPTRUbits   0x000ff8       data     extern C:\MCC18\v3_39\src\traditional\proc\p18F45K22.asm
                       PC   0x000ff9       data     extern C:\MCC18\v3_39\src\traditional\proc\p18F45K22.asm
                      PCL   0x000ff9       data     extern C:\MCC18\v3_39\src\traditional\proc\p18F45K22.asm
                   PCLATH   0x000ffa       data     extern C:\MCC18\v3_39\src\traditional\proc\p18F45K22.asm
                   PCLATU   0x000ffb       data     extern C:\MCC18\v3_39\src\traditional\proc\p18F45K22.asm
                   STKPTR   0x000ffc       data     extern C:\MCC18\v3_39\src\traditional\proc\p18F45K22.asm
               STKPTRbits   0x000ffc       data     extern C:\MCC18\v3_39\src\traditional\proc\p18F45K22.asm
                      TOS   0x000ffd       data     extern C:\MCC18\v3_39\src\traditional\proc\p18F45K22.asm
                     TOSL   0x000ffd       data     extern C:\MCC18\v3_39\src\traditional\proc\p18F45K22.asm
                     TOSH   0x000ffe       data     extern C:\MCC18\v3_39\src\traditional\proc\p18F45K22.asm
                     TOSU   0x000fff       data     extern C:\MCC18\v3_39\src\traditional\proc\p18F45K22.asm


